Build started 2012/9/13 0:03:19.
     1>Project "D:\qycx4\develop6\directshow\pc\BaseClasses\BaseClasses.vcxproj" on node 2 (rebuild target(s)).
     1>InitializeBuildStatus:
         Creating "x64\Release\BaseClasses.unsuccessfulbuild" because "AlwaysCreate" was specified.
       ClCompile:
         C:\Program Files (x86)\Microsoft Visual Studio 10.0\VC\bin\x86_amd64\CL.exe /c /I. /Zi /nologo /W3 /WX- /O2 /D WIN32 /D NDEBUG /D _LIB /D _UNICODE /D UNICODE /Gm- /EHsc /MD /GS /fp:precise /Zc:wchar_t /Zc:forScope /Fo"x64\Release\\" /Fd"x64\Release\vc100.pdb" /Gd /TP /errorReport:prompt amextra.cpp amfilter.cpp amvideo.cpp arithutil.cpp combase.cpp cprop.cpp ctlutil.cpp ddmm.cpp dllentry.cpp dllsetup.cpp mtype.cpp outputq.cpp perflog.cpp pstream.cpp pullpin.cpp refclock.cpp renbase.cpp schedule.cpp seekpt.cpp source.cpp strmctl.cpp sysclock.cpp transfrm.cpp transip.cpp videoctl.cpp vtrans.cpp winctrl.cpp winutil.cpp wxdebug.cpp wxlist.cpp wxutil.cpp
         amextra.cpp
         amfilter.cpp
         amvideo.cpp
         arithutil.cpp
         combase.cpp
         cprop.cpp
         ctlutil.cpp
         ddmm.cpp
         dllentry.cpp
         dllsetup.cpp
         mtype.cpp
         outputq.cpp
         perflog.cpp
         pstream.cpp
         pullpin.cpp
         refclock.cpp
         renbase.cpp
         schedule.cpp
         seekpt.cpp
         source.cpp
         Generating Code...
         Compiling...
         strmctl.cpp
         sysclock.cpp
         transfrm.cpp
         transip.cpp
         videoctl.cpp
         vtrans.cpp
         winctrl.cpp
         winutil.cpp
         wxdebug.cpp
         wxlist.cpp
         wxutil.cpp
         Generating Code...
     1>C:\Program Files (x86)\MSBuild\Microsoft.Cpp\v4.0\Microsoft.CppBuild.targets(1151,5): warning MSB8012: TargetPath(D:\qycx4\develop6\directshow\pc\BaseClasses\x64\Release\BaseClasses.lib) does not match the Library's OutputFile property value (D:\qycx4\develop6\directshow\pc\BaseClasses\x64\Release\strmbase.lib). This may cause your project to build incorrectly. To correct this, please make sure that $(OutDir), $(TargetName) and $(TargetExt) property values match the value specified in %(Lib.OutputFile).
     1>C:\Program Files (x86)\MSBuild\Microsoft.Cpp\v4.0\Microsoft.CppBuild.targets(1153,5): warning MSB8012: TargetName(BaseClasses) does not match the Library's OutputFile property value (strmbase). This may cause your project to build incorrectly. To correct this, please make sure that $(OutDir), $(TargetName) and $(TargetExt) property values match the value specified in %(Lib.OutputFile).
       Lib:
         C:\Program Files (x86)\Microsoft Visual Studio 10.0\VC\bin\x86_amd64\Lib.exe /OUT:"x64\Release\strmbase.lib" strmiids.lib /NOLOGO x64\Release\amextra.obj
         x64\Release\amfilter.obj
         x64\Release\amvideo.obj
         x64\Release\arithutil.obj
         x64\Release\combase.obj
         x64\Release\cprop.obj
         x64\Release\ctlutil.obj
         x64\Release\ddmm.obj
         x64\Release\dllentry.obj
         x64\Release\dllsetup.obj
         x64\Release\mtype.obj
         x64\Release\outputq.obj
         x64\Release\perflog.obj
         x64\Release\pstream.obj
         x64\Release\pullpin.obj
         x64\Release\refclock.obj
         x64\Release\renbase.obj
         x64\Release\schedule.obj
         x64\Release\seekpt.obj
         x64\Release\source.obj
         x64\Release\strmctl.obj
         x64\Release\sysclock.obj
         x64\Release\transfrm.obj
         x64\Release\transip.obj
         x64\Release\videoctl.obj
         x64\Release\vtrans.obj
         x64\Release\winctrl.obj
         x64\Release\winutil.obj
         x64\Release\wxdebug.obj
         x64\Release\wxlist.obj
         x64\Release\wxutil.obj
         BaseClasses.vcxproj -> D:\qycx4\develop6\directshow\pc\BaseClasses\x64\Release\BaseClasses.lib
       FinalizeBuildStatus:
         Deleting file "x64\Release\BaseClasses.unsuccessfulbuild".
         Touching "x64\Release\BaseClasses.lastbuildstate".
     1>Done Building Project "D:\qycx4\develop6\directshow\pc\BaseClasses\BaseClasses.vcxproj" (rebuild target(s)).

Build succeeded.

Time Elapsed 00:00:19.17
