Build started 2013/1/23 1:11:13.
     1>Project "D:\qycx4\develop6\directshow\pc\BaseClasses\BaseClasses.vcxproj" on node 2 (rebuild target(s)).
     1>_PrepareForClean:
         Deleting file "Win32\Debug\BaseClasses.lastbuildstate".
       InitializeBuildStatus:
         Creating "Win32\Debug\BaseClasses.unsuccessfulbuild" because "AlwaysCreate" was specified.
       ClCompile:
         C:\Program Files (x86)\Microsoft Visual Studio 10.0\VC\bin\CL.exe /c /I. /ZI /nologo /W3 /WX- /Od /Oy- /D WIN32 /D _DEBUG /D _LIB /D _UNICODE /D UNICODE /Gm /EHsc /RTC1 /MDd /GS /fp:precise /Zc:wchar_t /Zc:forScope /Fo"Win32\Debug\\" /Fd"Win32\Debug\vc100.pdb" /Gd /TP /analyze- /errorReport:prompt amextra.cpp amfilter.cpp amvideo.cpp arithutil.cpp combase.cpp cprop.cpp ctlutil.cpp ddmm.cpp dllentry.cpp dllsetup.cpp mtype.cpp outputq.cpp perflog.cpp pstream.cpp pullpin.cpp refclock.cpp renbase.cpp schedule.cpp seekpt.cpp source.cpp strmctl.cpp sysclock.cpp transfrm.cpp transip.cpp videoctl.cpp vtrans.cpp winctrl.cpp winutil.cpp wxdebug.cpp wxlist.cpp wxutil.cpp
         wxutil.cpp
         wxlist.cpp
         wxdebug.cpp
         winutil.cpp
         winctrl.cpp
         vtrans.cpp
         videoctl.cpp
         transip.cpp
         transfrm.cpp
         sysclock.cpp
         strmctl.cpp
         source.cpp
         seekpt.cpp
         schedule.cpp
         renbase.cpp
         refclock.cpp
         pullpin.cpp
         pstream.cpp
         perflog.cpp
         outputq.cpp
         Generating Code...
         Compiling...
         mtype.cpp
         dllsetup.cpp
         dllentry.cpp
         ddmm.cpp
         ctlutil.cpp
         cprop.cpp
         combase.cpp
         arithutil.cpp
         amvideo.cpp
         amfilter.cpp
         amextra.cpp
         Generating Code...
     1>C:\Program Files (x86)\MSBuild\Microsoft.Cpp\v4.0\Microsoft.CppBuild.targets(1151,5): warning MSB8012: TargetPath(D:\qycx4\develop6\directshow\pc\BaseClasses\Win32\Debug\BaseClasses.lib) does not match the Library's OutputFile property value (D:\qycx4\develop6\directshow\pc\BaseClasses\Win32\Debug\strmbasd.lib). This may cause your project to build incorrectly. To correct this, please make sure that $(OutDir), $(TargetName) and $(TargetExt) property values match the value specified in %(Lib.OutputFile).
     1>C:\Program Files (x86)\MSBuild\Microsoft.Cpp\v4.0\Microsoft.CppBuild.targets(1153,5): warning MSB8012: TargetName(BaseClasses) does not match the Library's OutputFile property value (strmbasd). This may cause your project to build incorrectly. To correct this, please make sure that $(OutDir), $(TargetName) and $(TargetExt) property values match the value specified in %(Lib.OutputFile).
       Lib:
         C:\Program Files (x86)\Microsoft Visual Studio 10.0\VC\bin\Lib.exe /OUT:"Win32\Debug\strmbasd.lib" strmiids.lib /NOLOGO Win32\Debug\amextra.obj
         Win32\Debug\amfilter.obj
         Win32\Debug\amvideo.obj
         Win32\Debug\arithutil.obj
         Win32\Debug\combase.obj
         Win32\Debug\cprop.obj
         Win32\Debug\ctlutil.obj
         Win32\Debug\ddmm.obj
         Win32\Debug\dllentry.obj
         Win32\Debug\dllsetup.obj
         Win32\Debug\mtype.obj
         Win32\Debug\outputq.obj
         Win32\Debug\perflog.obj
         Win32\Debug\pstream.obj
         Win32\Debug\pullpin.obj
         Win32\Debug\refclock.obj
         Win32\Debug\renbase.obj
         Win32\Debug\schedule.obj
         Win32\Debug\seekpt.obj
         Win32\Debug\source.obj
         Win32\Debug\strmctl.obj
         Win32\Debug\sysclock.obj
         Win32\Debug\transfrm.obj
         Win32\Debug\transip.obj
         Win32\Debug\videoctl.obj
         Win32\Debug\vtrans.obj
         Win32\Debug\winctrl.obj
         Win32\Debug\winutil.obj
         Win32\Debug\wxdebug.obj
         Win32\Debug\wxlist.obj
         Win32\Debug\wxutil.obj
         BaseClasses.vcxproj -> D:\qycx4\develop6\directshow\pc\BaseClasses\Win32\Debug\BaseClasses.lib
       FinalizeBuildStatus:
         Deleting file "Win32\Debug\BaseClasses.unsuccessfulbuild".
         Touching "Win32\Debug\BaseClasses.lastbuildstate".
     1>Done Building Project "D:\qycx4\develop6\directshow\pc\BaseClasses\BaseClasses.vcxproj" (rebuild target(s)).

Build succeeded.

Time Elapsed 00:00:22.62
