D:\QYCX4\DEVELOP6\DIRECTSHOW\PC\BASECLASSES\WIN32\DEBUG\AMEXTRA.OBJ
D:\QYCX4\DEVELOP6\DIRECTSHOW\PC\BASECLASSES\WIN32\DEBUG\AMFILTER.OBJ
D:\QYCX4\DEVELOP6\DIRECTSHOW\PC\BASECLASSES\WIN32\DEBUG\AMVIDEO.OBJ
D:\QYCX4\DEVELOP6\DIRECTSHOW\PC\BASECLASSES\WIN32\DEBUG\ARITHUTIL.OBJ
D:\qycx4\develop6\directshow\pc\BaseClasses\Win32\Debug\BaseClasses.write.1.tlog
D:\qycx4\develop6\directshow\pc\BaseClasses\Win32\Debug\cl.command.1.tlog
D:\qycx4\develop6\directshow\pc\BaseClasses\Win32\Debug\CL.read.1.tlog
D:\qycx4\develop6\directshow\pc\BaseClasses\Win32\Debug\CL.write.1.tlog
D:\QYCX4\DEVELOP6\DIRECTSHOW\PC\BASECLASSES\WIN32\DEBUG\COMBASE.OBJ
D:\QYCX4\DEVELOP6\DIRECTSHOW\PC\BASECLASSES\WIN32\DEBUG\CPROP.OBJ
D:\QYCX4\DEVELOP6\DIRECTSHOW\PC\BASECLASSES\WIN32\DEBUG\CTLUTIL.OBJ
D:\QYCX4\DEVELOP6\DIRECTSHOW\PC\BASECLASSES\WIN32\DEBUG\DDMM.OBJ
D:\QYCX4\DEVELOP6\DIRECTSHOW\PC\BASECLASSES\WIN32\DEBUG\DLLENTRY.OBJ
D:\QYCX4\DEVELOP6\DIRECTSHOW\PC\BASECLASSES\WIN32\DEBUG\DLLSETUP.OBJ
D:\qycx4\develop6\directshow\pc\BaseClasses\Win32\Debug\lib.command.1.tlog
D:\qycx4\develop6\directshow\pc\BaseClasses\Win32\Debug\Lib-link.read.1.tlog
D:\qycx4\develop6\directshow\pc\BaseClasses\Win32\Debug\Lib-link.write.1.tlog
D:\QYCX4\DEVELOP6\DIRECTSHOW\PC\BASECLASSES\WIN32\DEBUG\MTYPE.OBJ
D:\QYCX4\DEVELOP6\DIRECTSHOW\PC\BASECLASSES\WIN32\DEBUG\OUTPUTQ.OBJ
D:\QYCX4\DEVELOP6\DIRECTSHOW\PC\BASECLASSES\WIN32\DEBUG\PERFLOG.OBJ
D:\QYCX4\DEVELOP6\DIRECTSHOW\PC\BASECLASSES\WIN32\DEBUG\PSTREAM.OBJ
D:\QYCX4\DEVELOP6\DIRECTSHOW\PC\BASECLASSES\WIN32\DEBUG\PULLPIN.OBJ
D:\QYCX4\DEVELOP6\DIRECTSHOW\PC\BASECLASSES\WIN32\DEBUG\REFCLOCK.OBJ
D:\QYCX4\DEVELOP6\DIRECTSHOW\PC\BASECLASSES\WIN32\DEBUG\RENBASE.OBJ
D:\QYCX4\DEVELOP6\DIRECTSHOW\PC\BASECLASSES\WIN32\DEBUG\SCHEDULE.OBJ
D:\QYCX4\DEVELOP6\DIRECTSHOW\PC\BASECLASSES\WIN32\DEBUG\SEEKPT.OBJ
D:\QYCX4\DEVELOP6\DIRECTSHOW\PC\BASECLASSES\WIN32\DEBUG\SOURCE.OBJ
D:\QYCX4\DEVELOP6\DIRECTSHOW\PC\BASECLASSES\WIN32\DEBUG\STRMBASD.LIB
D:\QYCX4\DEVELOP6\DIRECTSHOW\PC\BASECLASSES\WIN32\DEBUG\STRMCTL.OBJ
D:\QYCX4\DEVELOP6\DIRECTSHOW\PC\BASECLASSES\WIN32\DEBUG\SYSCLOCK.OBJ
D:\QYCX4\DEVELOP6\DIRECTSHOW\PC\BASECLASSES\WIN32\DEBUG\TRANSFRM.OBJ
D:\QYCX4\DEVELOP6\DIRECTSHOW\PC\BASECLASSES\WIN32\DEBUG\TRANSIP.OBJ
D:\qycx4\develop6\directshow\pc\BaseClasses\Win32\Debug\vc100.idb
D:\QYCX4\DEVELOP6\DIRECTSHOW\PC\BASECLASSES\WIN32\DEBUG\VC100.PDB
D:\QYCX4\DEVELOP6\DIRECTSHOW\PC\BASECLASSES\WIN32\DEBUG\VIDEOCTL.OBJ
D:\QYCX4\DEVELOP6\DIRECTSHOW\PC\BASECLASSES\WIN32\DEBUG\VTRANS.OBJ
D:\QYCX4\DEVELOP6\DIRECTSHOW\PC\BASECLASSES\WIN32\DEBUG\WINCTRL.OBJ
D:\QYCX4\DEVELOP6\DIRECTSHOW\PC\BASECLASSES\WIN32\DEBUG\WINUTIL.OBJ
D:\QYCX4\DEVELOP6\DIRECTSHOW\PC\BASECLASSES\WIN32\DEBUG\WXDEBUG.OBJ
D:\QYCX4\DEVELOP6\DIRECTSHOW\PC\BASECLASSES\WIN32\DEBUG\WXLIST.OBJ
D:\QYCX4\DEVELOP6\DIRECTSHOW\PC\BASECLASSES\WIN32\DEBUG\WXUTIL.OBJ
