D:\QYCX4\DEVELOP6\DIRECTSHOW\PC\BASECLASSES\WIN32\RELEASE\AMEXTRA.OBJ
D:\QYCX4\DEVELOP6\DIRECTSHOW\PC\BASECLASSES\WIN32\RELEASE\AMFILTER.OBJ
D:\QYCX4\DEVELOP6\DIRECTSHOW\PC\BASECLASSES\WIN32\RELEASE\AMVIDEO.OBJ
D:\QYCX4\DEVELOP6\DIRECTSHOW\PC\BASECLASSES\WIN32\RELEASE\ARITHUTIL.OBJ
D:\qycx4\develop6\directshow\pc\BaseClasses\Win32\Release\cl.command.1.tlog
D:\qycx4\develop6\directshow\pc\BaseClasses\Win32\Release\CL.read.1.tlog
D:\qycx4\develop6\directshow\pc\BaseClasses\Win32\Release\CL.write.1.tlog
D:\QYCX4\DEVELOP6\DIRECTSHOW\PC\BASECLASSES\WIN32\RELEASE\COMBASE.OBJ
D:\QYCX4\DEVELOP6\DIRECTSHOW\PC\BASECLASSES\WIN32\RELEASE\CPROP.OBJ
D:\QYCX4\DEVELOP6\DIRECTSHOW\PC\BASECLASSES\WIN32\RELEASE\CTLUTIL.OBJ
D:\QYCX4\DEVELOP6\DIRECTSHOW\PC\BASECLASSES\WIN32\RELEASE\DDMM.OBJ
D:\QYCX4\DEVELOP6\DIRECTSHOW\PC\BASECLASSES\WIN32\RELEASE\DLLENTRY.OBJ
D:\QYCX4\DEVELOP6\DIRECTSHOW\PC\BASECLASSES\WIN32\RELEASE\DLLSETUP.OBJ
D:\qycx4\develop6\directshow\pc\BaseClasses\Win32\Release\lib.command.1.tlog
D:\qycx4\develop6\directshow\pc\BaseClasses\Win32\Release\Lib-link.read.1.tlog
D:\qycx4\develop6\directshow\pc\BaseClasses\Win32\Release\Lib-link.write.1.tlog
D:\QYCX4\DEVELOP6\DIRECTSHOW\PC\BASECLASSES\WIN32\RELEASE\MTYPE.OBJ
D:\QYCX4\DEVELOP6\DIRECTSHOW\PC\BASECLASSES\WIN32\RELEASE\OUTPUTQ.OBJ
D:\QYCX4\DEVELOP6\DIRECTSHOW\PC\BASECLASSES\WIN32\RELEASE\PERFLOG.OBJ
D:\QYCX4\DEVELOP6\DIRECTSHOW\PC\BASECLASSES\WIN32\RELEASE\PSTREAM.OBJ
D:\QYCX4\DEVELOP6\DIRECTSHOW\PC\BASECLASSES\WIN32\RELEASE\PULLPIN.OBJ
D:\QYCX4\DEVELOP6\DIRECTSHOW\PC\BASECLASSES\WIN32\RELEASE\REFCLOCK.OBJ
D:\QYCX4\DEVELOP6\DIRECTSHOW\PC\BASECLASSES\WIN32\RELEASE\RENBASE.OBJ
D:\QYCX4\DEVELOP6\DIRECTSHOW\PC\BASECLASSES\WIN32\RELEASE\SCHEDULE.OBJ
D:\QYCX4\DEVELOP6\DIRECTSHOW\PC\BASECLASSES\WIN32\RELEASE\SEEKPT.OBJ
D:\QYCX4\DEVELOP6\DIRECTSHOW\PC\BASECLASSES\WIN32\RELEASE\SOURCE.OBJ
D:\QYCX4\DEVELOP6\DIRECTSHOW\PC\BASECLASSES\WIN32\RELEASE\STRMBASE.LIB
D:\QYCX4\DEVELOP6\DIRECTSHOW\PC\BASECLASSES\WIN32\RELEASE\STRMCTL.OBJ
D:\QYCX4\DEVELOP6\DIRECTSHOW\PC\BASECLASSES\WIN32\RELEASE\SYSCLOCK.OBJ
D:\QYCX4\DEVELOP6\DIRECTSHOW\PC\BASECLASSES\WIN32\RELEASE\TRANSFRM.OBJ
D:\QYCX4\DEVELOP6\DIRECTSHOW\PC\BASECLASSES\WIN32\RELEASE\TRANSIP.OBJ
D:\QYCX4\DEVELOP6\DIRECTSHOW\PC\BASECLASSES\WIN32\RELEASE\VC100.PDB
D:\QYCX4\DEVELOP6\DIRECTSHOW\PC\BASECLASSES\WIN32\RELEASE\VIDEOCTL.OBJ
D:\QYCX4\DEVELOP6\DIRECTSHOW\PC\BASECLASSES\WIN32\RELEASE\VTRANS.OBJ
D:\QYCX4\DEVELOP6\DIRECTSHOW\PC\BASECLASSES\WIN32\RELEASE\WINCTRL.OBJ
D:\QYCX4\DEVELOP6\DIRECTSHOW\PC\BASECLASSES\WIN32\RELEASE\WINUTIL.OBJ
D:\QYCX4\DEVELOP6\DIRECTSHOW\PC\BASECLASSES\WIN32\RELEASE\WXDEBUG.OBJ
D:\QYCX4\DEVELOP6\DIRECTSHOW\PC\BASECLASSES\WIN32\RELEASE\WXLIST.OBJ
D:\QYCX4\DEVELOP6\DIRECTSHOW\PC\BASECLASSES\WIN32\RELEASE\WXUTIL.OBJ
