d:\dev\openrtcomm-windows\srcprojs\srcroot\src6\thirdparty\ipcproc\d4k\d4kdevicecontrol\bin\x86debug\tmp\d4kdevicecontrol.pch
d:\dev\openrtcomm-windows\srcprojs\srcroot\src6\thirdparty\ipcproc\d4k\d4kdevicecontrol\bin\x86debug\tmp\vc143.pdb
d:\dev\openrtcomm-windows\srcprojs\srcroot\src6\thirdparty\ipcproc\d4k\d4kdevicecontrol\bin\x86debug\tmp\vc143.idb
d:\dev\openrtcomm-windows\srcprojs\srcroot\src6\thirdparty\ipcproc\d4k\d4kdevicecontrol\bin\x86debug\tmp\stdafx.obj
d:\dev\openrtcomm-windows\srcprojs\srcroot\src6\thirdparty\ipcproc\d4k\d4kdevicecontrol\bin\x86debug\tmp\dyn_qispublic.obj
d:\dev\openrtcomm-windows\srcprojs\srcroot\src6\thirdparty\ipcproc\d4k\d4kdevicecontrol\bin\x86debug\tmp\qycommproc_open.obj
d:\dev\openrtcomm-windows\srcprojs\srcroot\src6\thirdparty\ipcproc\d4k\d4kdevicecontrol\bin\x86debug\tmp\qytcharcommproc.obj
d:\dev\openrtcomm-windows\srcprojs\srcroot\src6\thirdparty\ipcproc\d4k\d4kdevicecontrol\bin\x86debug\tmp\ipcproc_open.obj
d:\dev\openrtcomm-windows\srcprojs\srcroot\src6\thirdparty\ipcproc\d4k\d4kdevicecontrol\bin\x86debug\tmp\mycmdparams_open.obj
d:\dev\openrtcomm-windows\srcprojs\srcroot\src6\thirdparty\ipcproc\d4k\d4kdevicecontrol\bin\x86debug\tmp\d4kdevicecontrolproc.obj
d:\dev\openrtcomm-windows\srcprojs\srcroot\src6\thirdparty\ipcproc\d4k\d4kdevicecontrol\bin\x86debug\tmp\tcpclient.obj
d:\root\pc.anc.v3\openrtcomm-windows\srcprojs\srcroot\src6\thirdparty\ipcproc\d4k\d4kdevicecontrol\bin\x86debug\d4kdevicecontrol.exe
d:\root\pc.anc.v3\openrtcomm-windows\srcprojs\srcroot\src6\thirdparty\ipcproc\d4k\d4kdevicecontrol\debug\devicecontrolandtimesynchronization.pdb
d:\root\pc.anc.v3\openrtcomm-windows\srcprojs\srcroot\src6\thirdparty\ipcproc\d4k\d4kdevicecontrol\bin\x86debug\tmp\devicecontrolandtimesynchronization.res
d:\root\pc.anc.v3\openrtcomm-windows\srcprojs\srcroot\src6\thirdparty\ipcproc\d4k\d4kdevicecontrol\bin\x86debug\tmp\d4kdevicecontrol.ilk
d:\root\pc.anc.v3\openrtcomm-windows\srcprojs\srcroot\src6\thirdparty\ipcproc\d4k\d4kdevicecontrol\bin\x86debug\tmp\d4kdevicecontrolproc.obj
d:\root\pc.anc.v3\openrtcomm-windows\srcprojs\srcroot\src6\thirdparty\ipcproc\d4k\d4kdevicecontrol\bin\x86debug\tmp\devicecontrolandtimesynchronization.obj
d:\root\pc.anc.v3\openrtcomm-windows\srcprojs\srcroot\src6\thirdparty\ipcproc\d4k\d4kdevicecontrol\bin\x86debug\tmp\dyn_qispublic.obj
d:\root\pc.anc.v3\openrtcomm-windows\srcprojs\srcroot\src6\thirdparty\ipcproc\d4k\d4kdevicecontrol\bin\x86debug\tmp\ipcproc_open.obj
d:\root\pc.anc.v3\openrtcomm-windows\srcprojs\srcroot\src6\thirdparty\ipcproc\d4k\d4kdevicecontrol\bin\x86debug\tmp\mycmdparams_open.obj
d:\root\pc.anc.v3\openrtcomm-windows\srcprojs\srcroot\src6\thirdparty\ipcproc\d4k\d4kdevicecontrol\bin\x86debug\tmp\qycommproc_open.obj
d:\root\pc.anc.v3\openrtcomm-windows\srcprojs\srcroot\src6\thirdparty\ipcproc\d4k\d4kdevicecontrol\bin\x86debug\tmp\qytcharcommproc.obj
d:\root\pc.anc.v3\openrtcomm-windows\srcprojs\srcroot\src6\thirdparty\ipcproc\d4k\d4kdevicecontrol\bin\x86debug\tmp\stdafx.obj
d:\root\pc.anc.v3\openrtcomm-windows\srcprojs\srcroot\src6\thirdparty\ipcproc\d4k\d4kdevicecontrol\bin\x86debug\tmp\tcpclient.obj
d:\root\pc.anc.v3\openrtcomm-windows\srcprojs\srcroot\src6\thirdparty\ipcproc\d4k\d4kdevicecontrol\bin\x86debug\tmp\d4kdevicecontrol.pch
d:\root\pc.anc.v3\openrtcomm-windows\srcprojs\srcroot\src6\thirdparty\ipcproc\d4k\d4kdevicecontrol\bin\x86debug\tmp\vc143.idb
d:\root\pc.anc.v3\openrtcomm-windows\srcprojs\srcroot\src6\thirdparty\ipcproc\d4k\d4kdevicecontrol\bin\x86debug\tmp\vc143.pdb
d:\root\pc.anc.v3\openrtcomm-windows\srcprojs\srcroot\src6\thirdparty\ipcproc\d4k\d4kdevicecontrol\bin\x86debug\tmp\d4kdevicecontrol.tlog\cl.command.1.tlog
d:\root\pc.anc.v3\openrtcomm-windows\srcprojs\srcroot\src6\thirdparty\ipcproc\d4k\d4kdevicecontrol\bin\x86debug\tmp\d4kdevicecontrol.tlog\cl.items.tlog
d:\root\pc.anc.v3\openrtcomm-windows\srcprojs\srcroot\src6\thirdparty\ipcproc\d4k\d4kdevicecontrol\bin\x86debug\tmp\d4kdevicecontrol.tlog\cl.read.1.tlog
d:\root\pc.anc.v3\openrtcomm-windows\srcprojs\srcroot\src6\thirdparty\ipcproc\d4k\d4kdevicecontrol\bin\x86debug\tmp\d4kdevicecontrol.tlog\cl.write.1.tlog
d:\root\pc.anc.v3\openrtcomm-windows\srcprojs\srcroot\src6\thirdparty\ipcproc\d4k\d4kdevicecontrol\bin\x86debug\tmp\d4kdevicecontrol.tlog\link.command.1.tlog
d:\root\pc.anc.v3\openrtcomm-windows\srcprojs\srcroot\src6\thirdparty\ipcproc\d4k\d4kdevicecontrol\bin\x86debug\tmp\d4kdevicecontrol.tlog\link.read.1.tlog
d:\root\pc.anc.v3\openrtcomm-windows\srcprojs\srcroot\src6\thirdparty\ipcproc\d4k\d4kdevicecontrol\bin\x86debug\tmp\d4kdevicecontrol.tlog\link.secondary.1.tlog
d:\root\pc.anc.v3\openrtcomm-windows\srcprojs\srcroot\src6\thirdparty\ipcproc\d4k\d4kdevicecontrol\bin\x86debug\tmp\d4kdevicecontrol.tlog\link.write.1.tlog
d:\root\pc.anc.v3\openrtcomm-windows\srcprojs\srcroot\src6\thirdparty\ipcproc\d4k\d4kdevicecontrol\bin\x86debug\tmp\d4kdevicecontrol.tlog\rc.command.1.tlog
d:\root\pc.anc.v3\openrtcomm-windows\srcprojs\srcroot\src6\thirdparty\ipcproc\d4k\d4kdevicecontrol\bin\x86debug\tmp\d4kdevicecontrol.tlog\rc.read.1.tlog
d:\root\pc.anc.v3\openrtcomm-windows\srcprojs\srcroot\src6\thirdparty\ipcproc\d4k\d4kdevicecontrol\bin\x86debug\tmp\d4kdevicecontrol.tlog\rc.write.1.tlog
