c:\root\develop2012\vs2012\sample_common\_build\x64\release\lib\obj\sample_common_vs2012\thread_windows.obj
c:\root\develop2012\vs2012\sample_common\_build\x64\release\lib\obj\sample_common_vs2012\thread.obj
c:\root\develop2012\vs2012\sample_common\_build\x64\release\lib\obj\sample_common_vs2012\shared_object.obj
c:\root\develop2012\vs2012\sample_common\_build\x64\release\lib\obj\sample_common_vs2012\atomic.obj
c:\root\develop2012\vs2012\sample_common\_build\x64\release\lib\obj\sample_common_vs2012\vpp_ex.obj
c:\root\develop2012\vs2012\sample_common\_build\x64\release\lib\obj\sample_common_vs2012\sysmem_allocator.obj
c:\root\develop2012\vs2012\sample_common\_build\x64\release\lib\obj\sample_common_vs2012\sample_utils.obj
c:\root\develop2012\vs2012\sample_common\_build\x64\release\lib\obj\sample_common_vs2012\plugin_utils.obj
c:\root\develop2012\vs2012\sample_common\_build\x64\release\lib\obj\sample_common_vs2012\parameters_dumper.obj
c:\root\develop2012\vs2012\sample_common\_build\x64\release\lib\obj\sample_common_vs2012\mfx_buffering.obj
c:\root\develop2012\vs2012\sample_common\_build\x64\release\lib\obj\sample_common_vs2012\general_allocator.obj
c:\root\develop2012\vs2012\sample_common\_build\x64\release\lib\obj\sample_common_vs2012\decode_render.obj
c:\root\develop2012\vs2012\sample_common\_build\x64\release\lib\obj\sample_common_vs2012\d3d_device.obj
c:\root\develop2012\vs2012\sample_common\_build\x64\release\lib\obj\sample_common_vs2012\d3d_allocator.obj
c:\root\develop2012\vs2012\sample_common\_build\x64\release\lib\obj\sample_common_vs2012\d3d11_device.obj
c:\root\develop2012\vs2012\sample_common\_build\x64\release\lib\obj\sample_common_vs2012\d3d11_allocator.obj
c:\root\develop2012\vs2012\sample_common\_build\x64\release\lib\obj\sample_common_vs2012\base_allocator.obj
c:\root\develop2012\vs2012\sample_common\_build\x64\release\lib\obj\sample_common_vs2012\avc_spl.obj
c:\root\develop2012\vs2012\sample_common\_build\x64\release\lib\obj\sample_common_vs2012\avc_nal_spl.obj
c:\root\develop2012\vs2012\sample_common\_build\x64\release\lib\obj\sample_common_vs2012\avc_bitstream.obj
c:\root\develop2012\vs2012\sample_common\_build\x64\release\lib\obj\sample_common_vs2012\time.obj
c:\root\develop2012\vs2012\sample_common\_build\x64\release\lib\obj\sample_common_vs2012\vc110.pdb
c:\root\develop2012\vs2012\sample_common\_build\x64\release\lib\sample_common_vs2012.lib
c:\root_new\develop2019\vs2012\sample_common\_build\x64\release\lib\obj\sample_common_vs2012\atomic.obj
c:\root_new\develop2019\vs2012\sample_common\_build\x64\release\lib\obj\sample_common_vs2012\avc_bitstream.obj
c:\root_new\develop2019\vs2012\sample_common\_build\x64\release\lib\obj\sample_common_vs2012\avc_nal_spl.obj
c:\root_new\develop2019\vs2012\sample_common\_build\x64\release\lib\obj\sample_common_vs2012\avc_spl.obj
c:\root_new\develop2019\vs2012\sample_common\_build\x64\release\lib\obj\sample_common_vs2012\base_allocator.obj
c:\root_new\develop2019\vs2012\sample_common\_build\x64\release\lib\obj\sample_common_vs2012\d3d11_allocator.obj
c:\root_new\develop2019\vs2012\sample_common\_build\x64\release\lib\obj\sample_common_vs2012\d3d11_device.obj
c:\root_new\develop2019\vs2012\sample_common\_build\x64\release\lib\obj\sample_common_vs2012\d3d_allocator.obj
c:\root_new\develop2019\vs2012\sample_common\_build\x64\release\lib\obj\sample_common_vs2012\d3d_device.obj
c:\root_new\develop2019\vs2012\sample_common\_build\x64\release\lib\obj\sample_common_vs2012\decode_render.obj
c:\root_new\develop2019\vs2012\sample_common\_build\x64\release\lib\obj\sample_common_vs2012\general_allocator.obj
c:\root_new\develop2019\vs2012\sample_common\_build\x64\release\lib\obj\sample_common_vs2012\mfx_buffering.obj
c:\root_new\develop2019\vs2012\sample_common\_build\x64\release\lib\obj\sample_common_vs2012\parameters_dumper.obj
c:\root_new\develop2019\vs2012\sample_common\_build\x64\release\lib\obj\sample_common_vs2012\plugin_utils.obj
c:\root_new\develop2019\vs2012\sample_common\_build\x64\release\lib\obj\sample_common_vs2012\sample_utils.obj
c:\root_new\develop2019\vs2012\sample_common\_build\x64\release\lib\obj\sample_common_vs2012\shared_object.obj
c:\root_new\develop2019\vs2012\sample_common\_build\x64\release\lib\obj\sample_common_vs2012\sysmem_allocator.obj
c:\root_new\develop2019\vs2012\sample_common\_build\x64\release\lib\obj\sample_common_vs2012\thread.obj
c:\root_new\develop2019\vs2012\sample_common\_build\x64\release\lib\obj\sample_common_vs2012\thread_windows.obj
c:\root_new\develop2019\vs2012\sample_common\_build\x64\release\lib\obj\sample_common_vs2012\time.obj
c:\root_new\develop2019\vs2012\sample_common\_build\x64\release\lib\obj\sample_common_vs2012\vpp_ex.obj
c:\root_new\develop2019\vs2012\sample_common\_build\x64\release\lib\obj\sample_common_vs2012\cl.command.1.tlog
c:\root_new\develop2019\vs2012\sample_common\_build\x64\release\lib\obj\sample_common_vs2012\cl.read.1.tlog
c:\root_new\develop2019\vs2012\sample_common\_build\x64\release\lib\obj\sample_common_vs2012\cl.write.1.tlog
c:\root_new\develop2019\vs2012\sample_common\_build\x64\release\lib\obj\sample_common_vs2012\lib-link.read.1.tlog
c:\root_new\develop2019\vs2012\sample_common\_build\x64\release\lib\obj\sample_common_vs2012\lib-link.write.1.tlog
c:\root_new\develop2019\vs2012\sample_common\_build\x64\release\lib\obj\sample_common_vs2012\lib.command.1.tlog
c:\root_new\develop2019\vs2012\sample_common\_build\x64\release\lib\obj\sample_common_vs2012\vc110.pdb
c:\root_new\develop2019\vs2012\sample_common\_build\x64\release\lib\sample_common_vs2012.lib
