D:\qycx4\develop6\directshow\pc\BaseClasses\x64\Debug\amextra.obj
D:\qycx4\develop6\directshow\pc\BaseClasses\x64\Debug\amfilter.obj
D:\qycx4\develop6\directshow\pc\BaseClasses\x64\Debug\amvideo.obj
D:\qycx4\develop6\directshow\pc\BaseClasses\x64\Debug\arithutil.obj
D:\qycx4\develop6\directshow\pc\BaseClasses\x64\Debug\combase.obj
D:\qycx4\develop6\directshow\pc\BaseClasses\x64\Debug\cprop.obj
D:\qycx4\develop6\directshow\pc\BaseClasses\x64\Debug\ctlutil.obj
D:\qycx4\develop6\directshow\pc\BaseClasses\x64\Debug\ddmm.obj
D:\qycx4\develop6\directshow\pc\BaseClasses\x64\Debug\dllentry.obj
D:\qycx4\develop6\directshow\pc\BaseClasses\x64\Debug\dllsetup.obj
D:\qycx4\develop6\directshow\pc\BaseClasses\x64\Debug\mtype.obj
D:\qycx4\develop6\directshow\pc\BaseClasses\x64\Debug\outputq.obj
D:\qycx4\develop6\directshow\pc\BaseClasses\x64\Debug\perflog.obj
D:\qycx4\develop6\directshow\pc\BaseClasses\x64\Debug\pstream.obj
D:\qycx4\develop6\directshow\pc\BaseClasses\x64\Debug\pullpin.obj
D:\qycx4\develop6\directshow\pc\BaseClasses\x64\Debug\refclock.obj
D:\qycx4\develop6\directshow\pc\BaseClasses\x64\Debug\renbase.obj
D:\qycx4\develop6\directshow\pc\BaseClasses\x64\Debug\schedule.obj
D:\qycx4\develop6\directshow\pc\BaseClasses\x64\Debug\seekpt.obj
D:\qycx4\develop6\directshow\pc\BaseClasses\x64\Debug\source.obj
D:\qycx4\develop6\directshow\pc\BaseClasses\x64\Debug\strmctl.obj
D:\qycx4\develop6\directshow\pc\BaseClasses\x64\Debug\sysclock.obj
D:\qycx4\develop6\directshow\pc\BaseClasses\x64\Debug\transfrm.obj
D:\qycx4\develop6\directshow\pc\BaseClasses\x64\Debug\transip.obj
D:\qycx4\develop6\directshow\pc\BaseClasses\x64\Debug\vc90.idb
D:\qycx4\develop6\directshow\pc\BaseClasses\x64\Debug\vc90.pdb
D:\qycx4\develop6\directshow\pc\BaseClasses\x64\Debug\videoctl.obj
D:\qycx4\develop6\directshow\pc\BaseClasses\x64\Debug\vtrans.obj
D:\qycx4\develop6\directshow\pc\BaseClasses\x64\Debug\winctrl.obj
D:\qycx4\develop6\directshow\pc\BaseClasses\x64\Debug\winutil.obj
D:\qycx4\develop6\directshow\pc\BaseClasses\x64\Debug\wxdebug.obj
D:\qycx4\develop6\directshow\pc\BaseClasses\x64\Debug\wxlist.obj
D:\qycx4\develop6\directshow\pc\BaseClasses\x64\Debug\wxutil.obj
