C:\Program Files\Microsoft Visual Studio\2022\Community\MSBuild\Microsoft\VC\v170\Microsoft.CppBuild.targets(517,5): warning MSB8004: Output 目录未以斜杠结尾。  此生成实例将添加斜杠，因为必须有这个斜杠才能正确计算 Output 目录。
  openRTSP.cpp
  playCommon.cpp
E:\root\openRtComm-new\srcProjs\qisTools_srcRoot\live555\live\testProgs\playCommon.cpp(170,11): warning C4996: 'sscanf': This function or variable may be unsafe. Consider using sscanf_s instead. To disable deprecation, use _CRT_SECURE_NO_WARNINGS. See online help for details.
E:\root\openRtComm-new\srcProjs\qisTools_srcRoot\live555\live\testProgs\playCommon.cpp(234,11): warning C4996: 'sscanf': This function or variable may be unsafe. Consider using sscanf_s instead. To disable deprecation, use _CRT_SECURE_NO_WARNINGS. See online help for details.
E:\root\openRtComm-new\srcProjs\qisTools_srcRoot\live555\live\testProgs\playCommon.cpp(250,11): warning C4996: 'sscanf': This function or variable may be unsafe. Consider using sscanf_s instead. To disable deprecation, use _CRT_SECURE_NO_WARNINGS. See online help for details.
E:\root\openRtComm-new\srcProjs\qisTools_srcRoot\live555\live\testProgs\playCommon.cpp(263,11): warning C4996: 'sscanf': This function or variable may be unsafe. Consider using sscanf_s instead. To disable deprecation, use _CRT_SECURE_NO_WARNINGS. See online help for details.
E:\root\openRtComm-new\srcProjs\qisTools_srcRoot\live555\live\testProgs\playCommon.cpp(296,11): warning C4996: 'sscanf': This function or variable may be unsafe. Consider using sscanf_s instead. To disable deprecation, use _CRT_SECURE_NO_WARNINGS. See online help for details.
E:\root\openRtComm-new\srcProjs\qisTools_srcRoot\live555\live\testProgs\playCommon.cpp(319,8): warning C4996: 'sscanf': This function or variable may be unsafe. Consider using sscanf_s instead. To disable deprecation, use _CRT_SECURE_NO_WARNINGS. See online help for details.
E:\root\openRtComm-new\srcProjs\qisTools_srcRoot\live555\live\testProgs\playCommon.cpp(344,8): warning C4996: 'sscanf': This function or variable may be unsafe. Consider using sscanf_s instead. To disable deprecation, use _CRT_SECURE_NO_WARNINGS. See online help for details.
E:\root\openRtComm-new\srcProjs\qisTools_srcRoot\live555\live\testProgs\playCommon.cpp(368,11): warning C4996: 'sscanf': This function or variable may be unsafe. Consider using sscanf_s instead. To disable deprecation, use _CRT_SECURE_NO_WARNINGS. See online help for details.
E:\root\openRtComm-new\srcProjs\qisTools_srcRoot\live555\live\testProgs\playCommon.cpp(385,11): warning C4996: 'sscanf': This function or variable may be unsafe. Consider using sscanf_s instead. To disable deprecation, use _CRT_SECURE_NO_WARNINGS. See online help for details.
E:\root\openRtComm-new\srcProjs\qisTools_srcRoot\live555\live\testProgs\playCommon.cpp(394,11): warning C4996: 'sscanf': This function or variable may be unsafe. Consider using sscanf_s instead. To disable deprecation, use _CRT_SECURE_NO_WARNINGS. See online help for details.
E:\root\openRtComm-new\srcProjs\qisTools_srcRoot\live555\live\testProgs\playCommon.cpp(403,11): warning C4996: 'sscanf': This function or variable may be unsafe. Consider using sscanf_s instead. To disable deprecation, use _CRT_SECURE_NO_WARNINGS. See online help for details.
E:\root\openRtComm-new\srcProjs\qisTools_srcRoot\live555\live\testProgs\playCommon.cpp(424,11): warning C4996: 'sscanf': This function or variable may be unsafe. Consider using sscanf_s instead. To disable deprecation, use _CRT_SECURE_NO_WARNINGS. See online help for details.
E:\root\openRtComm-new\srcProjs\qisTools_srcRoot\live555\live\testProgs\playCommon.cpp(432,11): warning C4996: 'sscanf': This function or variable may be unsafe. Consider using sscanf_s instead. To disable deprecation, use _CRT_SECURE_NO_WARNINGS. See online help for details.
E:\root\openRtComm-new\srcProjs\qisTools_srcRoot\live555\live\testProgs\playCommon.cpp(461,6): warning C4996: 'sscanf': This function or variable may be unsafe. Consider using sscanf_s instead. To disable deprecation, use _CRT_SECURE_NO_WARNINGS. See online help for details.
E:\root\openRtComm-new\srcProjs\qisTools_srcRoot\live555\live\testProgs\playCommon.cpp(472,11): warning C4996: 'sscanf': This function or variable may be unsafe. Consider using sscanf_s instead. To disable deprecation, use _CRT_SECURE_NO_WARNINGS. See online help for details.
E:\root\openRtComm-new\srcProjs\qisTools_srcRoot\live555\live\testProgs\playCommon.cpp(489,11): warning C4996: 'sscanf': This function or variable may be unsafe. Consider using sscanf_s instead. To disable deprecation, use _CRT_SECURE_NO_WARNINGS. See online help for details.
E:\root\openRtComm-new\srcProjs\qisTools_srcRoot\live555\live\testProgs\playCommon.cpp(502,6): warning C4996: 'sscanf': This function or variable may be unsafe. Consider using sscanf_s instead. To disable deprecation, use _CRT_SECURE_NO_WARNINGS. See online help for details.
E:\root\openRtComm-new\srcProjs\qisTools_srcRoot\live555\live\testProgs\playCommon.cpp(783,7): warning C4996: 'sprintf': This function or variable may be unsafe. Consider using sprintf_s instead. To disable deprecation, use _CRT_SECURE_NO_WARNINGS. See online help for details.
E:\root\openRtComm-new\srcProjs\qisTools_srcRoot\live555\live\testProgs\playCommon.cpp(787,7): warning C4996: '_snprintf': This function or variable may be unsafe. Consider using _snprintf_s instead. To disable deprecation, use _CRT_SECURE_NO_WARNINGS. See online help for details.
E:\root\openRtComm-new\srcProjs\qisTools_srcRoot\live555\live\testProgs\playCommon.cpp(837,2): warning C4996: '_snprintf': This function or variable may be unsafe. Consider using _snprintf_s instead. To disable deprecation, use _CRT_SECURE_NO_WARNINGS. See online help for details.
E:\root\openRtComm-new\srcProjs\qisTools_srcRoot\live555\live\testProgs\playCommon.cpp(843,2): warning C4996: 'sprintf': This function or variable may be unsafe. Consider using sprintf_s instead. To disable deprecation, use _CRT_SECURE_NO_WARNINGS. See online help for details.
E:\root\openRtComm-new\srcProjs\qisTools_srcRoot\live555\live\testProgs\playCommon.cpp(935,3): warning C4996: '_snprintf': This function or variable may be unsafe. Consider using _snprintf_s instead. To disable deprecation, use _CRT_SECURE_NO_WARNINGS. See online help for details.
E:\root\openRtComm-new\srcProjs\qisTools_srcRoot\live555\live\testProgs\playCommon.cpp(1438,2): warning C4996: 'sprintf': This function or variable may be unsafe. Consider using sprintf_s instead. To disable deprecation, use _CRT_SECURE_NO_WARNINGS. See online help for details.
  正在生成代码
  Previous IPDB not found, fall back to full compilation.
  All 82 functions were compiled because no usable IPDB/IOBJ from previous compilation was found.
  已完成代码的生成
LINK : warning LNK4286: 符号“___iob_func”(在“* CIL library *(* CIL module *)”中定义)已由“libBasicUsageEnvironment.lib(BasicUsageEnvironment0.obj)”导入
LINK : warning LNK4286: 符号“___iob_func”(在“* CIL library *(* CIL module *)”中定义)已由“libliveMedia.lib(OutputFile.obj)”导入
LINK : warning LNK4286: 符号“___iob_func”(在“* CIL library *(* CIL module *)”中定义)已由“libliveMedia.lib(InputFile.obj)”导入
LINK : warning LNK4286: 符号“___iob_func”(在“* CIL library *(* CIL module *)”中定义)已由“libBasicUsageEnvironment.lib(BasicTaskScheduler.obj)”导入
LINK : warning LNK4286: 符号“___iob_func”(在“* CIL library *(* CIL module *)”中定义)已由“libBasicUsageEnvironment.lib(BasicUsageEnvironment.obj)”导入
  myOpenRtsp.vcxproj -> E:\root\openRtComm-new\VS2012\Win32\Release\bin\myOpenRtsp.exe
