d:\root\pc\openrtcomm-windows\srcprojs\srcroot\src6\thirdparty\jdzy\c++_csdemo_2.1\c++_csdemo_code\src\sxrz\release\vc143.pdb
d:\root\pc\openrtcomm-windows\srcprojs\srcroot\src6\thirdparty\jdzy\c++_csdemo_2.1\c++_csdemo_code\src\sxrz\release\proc_ca_jdzy.obj
d:\root\pc\openrtcomm-windows\srcprojs\srcroot\src6\thirdparty\jdzy\c++_csdemo_2.1\c++_csdemo_code\src\sxrz\release\maui.obj
d:\root\pc\openrtcomm-windows\srcprojs\srcroot\src6\thirdparty\jdzy\c++_csdemo_2.1\c++_csdemo_code\src\sxrz\release\json_writer.obj
d:\root\pc\openrtcomm-windows\srcprojs\srcroot\src6\thirdparty\jdzy\c++_csdemo_2.1\c++_csdemo_code\src\sxrz\release\json_value.obj
d:\root\pc\openrtcomm-windows\srcprojs\srcroot\src6\thirdparty\jdzy\c++_csdemo_2.1\c++_csdemo_code\src\sxrz\release\json_reader.obj
d:\root\pc\openrtcomm-windows\srcprojs\srcroot\src6\thirdparty\jdzy\c++_csdemo_2.1\c++_csdemo_code\src\sxrz\release\gm3000_dll.obj
d:\root\pc\openrtcomm-windows\srcprojs\srcroot\src6\thirdparty\jdzy\c++_csdemo_2.1\c++_csdemo_code\src\sxrz\release\cskf_api.obj
d:\root\pc\openrtcomm-windows\srcprojs\srcroot\src6\thirdparty\jdzy\c++_csdemo_2.1\c++_csdemo_code\src\sxrz\release\tmpregfunc_open.obj
d:\root\pc\openrtcomm-windows\srcprojs\srcroot\src6\thirdparty\jdzy\c++_csdemo_2.1\c++_csdemo_code\src\sxrz\release\mycmdparams_open.obj
d:\root\pc\openrtcomm-windows\srcprojs\srcroot\src6\thirdparty\jdzy\c++_csdemo_2.1\c++_csdemo_code\src\sxrz\release\tmpstrfunc_open.obj
d:\root\pc\openrtcomm-windows\srcprojs\srcroot\src6\thirdparty\jdzy\c++_csdemo_2.1\c++_csdemo_code\src\sxrz\release\qytcharcommproc.obj
d:\root\pc.anc.v3\openrtcomm-windows\srcprojs\srcroot\src6\thirdparty\jdzy\c++_csdemo_2.1\c++_csdemo_code\src\sxrz\release\vc143.pdb
d:\root\pc.anc.v3\openrtcomm-windows\srcprojs\srcroot\src6\thirdparty\jdzy\c++_csdemo_2.1\c++_csdemo_code\src\sxrz\release\proc_ca_jdzy.obj
d:\root\pc.anc.v3\openrtcomm-windows\srcprojs\srcroot\src6\thirdparty\jdzy\c++_csdemo_2.1\c++_csdemo_code\src\sxrz\release\maui.obj
d:\root\pc.anc.v3\openrtcomm-windows\srcprojs\srcroot\src6\thirdparty\jdzy\c++_csdemo_2.1\c++_csdemo_code\src\sxrz\release\json_writer.obj
d:\root\pc.anc.v3\openrtcomm-windows\srcprojs\srcroot\src6\thirdparty\jdzy\c++_csdemo_2.1\c++_csdemo_code\src\sxrz\release\json_value.obj
d:\root\pc.anc.v3\openrtcomm-windows\srcprojs\srcroot\src6\thirdparty\jdzy\c++_csdemo_2.1\c++_csdemo_code\src\sxrz\release\json_reader.obj
d:\root\pc.anc.v3\openrtcomm-windows\srcprojs\srcroot\src6\thirdparty\jdzy\c++_csdemo_2.1\c++_csdemo_code\src\sxrz\release\gm3000_dll.obj
d:\root\pc.anc.v3\openrtcomm-windows\srcprojs\srcroot\src6\thirdparty\jdzy\c++_csdemo_2.1\c++_csdemo_code\src\sxrz\release\cskf_api.obj
d:\root\pc.anc.v3\openrtcomm-windows\srcprojs\srcroot\src6\thirdparty\jdzy\c++_csdemo_2.1\c++_csdemo_code\src\sxrz\release\tmpregfunc_open.obj
d:\root\pc.anc.v3\openrtcomm-windows\srcprojs\srcroot\src6\thirdparty\jdzy\c++_csdemo_2.1\c++_csdemo_code\src\sxrz\release\mycmdparams_open.obj
d:\root\pc.anc.v3\openrtcomm-windows\srcprojs\srcroot\src6\thirdparty\jdzy\c++_csdemo_2.1\c++_csdemo_code\src\sxrz\release\tmpstrfunc_open.obj
d:\root\pc.anc.v3\openrtcomm-windows\srcprojs\srcroot\src6\thirdparty\jdzy\c++_csdemo_2.1\c++_csdemo_code\src\sxrz\release\qytcharcommproc.obj
d:\dev\openrtcomm-windows\srcprojs\srcroot\src6\thirdparty\jdzy\c++_csdemo_2.1\c++_csdemo_code\src\sxrz\release\jdzy_sxrzdemo.ipdb
d:\dev\openrtcomm-windows\srcprojs\srcroot\src6\thirdparty\jdzy\c++_csdemo_2.1\c++_csdemo_code\src\sxrz\release\jdzy_sxrzdemo.iobj
d:\root\pc.anc.v3\openrtcomm-windows\srcprojs\srcroot\src6\thirdparty\jdzy\c++_csdemo_2.1\c++_csdemo_code\src\sxrz\release\jdzy_sxrzdemo.ipdb
d:\root\pc.anc.v3\openrtcomm-windows\srcprojs\srcroot\src6\thirdparty\jdzy\c++_csdemo_2.1\c++_csdemo_code\src\sxrz\release\jdzy_sxrzdemo.iobj
d:\root\pc.anc.v3\openrtcomm-windows\srcprojs\srcroot\src6\qymessenger\qymessenger_ts_nomfc\release\jdzy_sxrzdemo.pdb
d:\root\pc.anc.v3\openrtcomm-windows\srcprojs\srcroot\src6\thirdparty\jdzy\c++_csdemo_2.1\c++_csdemo_code\src\sxrz\release\jdzy_sxrzdemo.tlog\cl.command.1.tlog
d:\root\pc.anc.v3\openrtcomm-windows\srcprojs\srcroot\src6\thirdparty\jdzy\c++_csdemo_2.1\c++_csdemo_code\src\sxrz\release\jdzy_sxrzdemo.tlog\cl.items.tlog
d:\root\pc.anc.v3\openrtcomm-windows\srcprojs\srcroot\src6\thirdparty\jdzy\c++_csdemo_2.1\c++_csdemo_code\src\sxrz\release\jdzy_sxrzdemo.tlog\cl.read.1.tlog
d:\root\pc.anc.v3\openrtcomm-windows\srcprojs\srcroot\src6\thirdparty\jdzy\c++_csdemo_2.1\c++_csdemo_code\src\sxrz\release\jdzy_sxrzdemo.tlog\cl.write.1.tlog
d:\root\pc.anc.v3\openrtcomm-windows\srcprojs\srcroot\src6\thirdparty\jdzy\c++_csdemo_2.1\c++_csdemo_code\src\sxrz\release\jdzy_sxrzdemo.tlog\link.command.1.tlog
d:\root\pc.anc.v3\openrtcomm-windows\srcprojs\srcroot\src6\thirdparty\jdzy\c++_csdemo_2.1\c++_csdemo_code\src\sxrz\release\jdzy_sxrzdemo.tlog\link.read.1.tlog
d:\root\pc.anc.v3\openrtcomm-windows\srcprojs\srcroot\src6\thirdparty\jdzy\c++_csdemo_2.1\c++_csdemo_code\src\sxrz\release\jdzy_sxrzdemo.tlog\link.secondary.1.tlog
d:\root\pc.anc.v3\openrtcomm-windows\srcprojs\srcroot\src6\thirdparty\jdzy\c++_csdemo_2.1\c++_csdemo_code\src\sxrz\release\jdzy_sxrzdemo.tlog\link.write.1.tlog
