Build started 2023/1/14 2:42:04.
     1>Project "C:\root\develop2019\srcProjs\srcRoot\src6\thirdParty\bjca\https_c_demo\https_c_demo\bjca1_https_c_demo2010.vcxproj" on node 2 (rebuild target(s)).
       Project file contains ToolsVersion="12.0". This toolset may be unknown or missing, in which case you may be able to resolve this by installing the appropriate version of MSBuild, or the build may have been forced to a particular ToolsVersion for policy reasons. Treating the project as if it had ToolsVersion="4.0". For more information, please see http://go.microsoft.com/fwlink/?LinkId=291333.
     1>PrepareForBuild:
         Creating directory "C:\root\develop2019\srcProjs\srcRoot\src6\qyMcMain_mgr\Main\win32\default\Debug\".
       InitializeBuildStatus:
         Creating "Debug\bjca1_https_c_demo2010.unsuccessfulbuild" because "AlwaysCreate" was specified.
       ClCompile:
         C:\Program Files (x86)\Microsoft Visual Studio 10.0\VC\bin\CL.exe /c /ZI /nologo /W3 /WX- /Od /Oy- /D WIN32 /D _DEBUG /D _CONSOLE /D _UNICODE /D UNICODE /Gm /EHsc /RTC1 /MDd /GS /fp:precise /Zc:wchar_t /Zc:forScope /Fo"Debug\\" /Fd"Debug\vc100.pdb" /Gd /TP /analyze- /errorReport:prompt cJSON.cpp curl_conn.cpp testapi.cpp
         testapi.cpp
     1>c:\root\develop2019\srcprojs\srcroot\src6\thirdparty\bjca\https_c_demo\https_c_demo\testapi.cpp(9): warning C4278: 'DeleteFile': identifier in type library 'C:\\Program Files (x86)\\BJCAClient\\CertAppEnvV3.8\\Program\\XTXAppCOM.dll' is already a macro; use the 'rename' qualifier
     1>c:\root\develop2019\srcprojs\srcroot\src6\thirdparty\bjca\https_c_demo\https_c_demo\testapi.cpp(13): fatal error C1083: Cannot open include file: 'proc_ca.h': No such file or directory
         curl_conn.cpp
     1>c:\root\develop2019\srcprojs\srcroot\src6\thirdparty\bjca\https_c_demo\https_c_demo\curl_conn.cpp(30): warning C4018: '<' : signed/unsigned mismatch
     1>c:\root\develop2019\srcprojs\srcroot\src6\thirdparty\bjca\https_c_demo\https_c_demo\curl_conn.cpp(129): warning C4996: 'strncpy': This function or variable may be unsafe. Consider using strncpy_s instead. To disable deprecation, use _CRT_SECURE_NO_WARNINGS. See online help for details.
                 c:\program files (x86)\microsoft visual studio 10.0\vc\include\string.h(188) : see declaration of 'strncpy'
     1>c:\root\develop2019\srcprojs\srcroot\src6\thirdparty\bjca\https_c_demo\https_c_demo\curl_conn.cpp(133): warning C4996: 'strncpy': This function or variable may be unsafe. Consider using strncpy_s instead. To disable deprecation, use _CRT_SECURE_NO_WARNINGS. See online help for details.
                 c:\program files (x86)\microsoft visual studio 10.0\vc\include\string.h(188) : see declaration of 'strncpy'
     1>c:\root\develop2019\srcprojs\srcroot\src6\thirdparty\bjca\https_c_demo\https_c_demo\curl_conn.cpp(679): warning C4996: 'strncpy': This function or variable may be unsafe. Consider using strncpy_s instead. To disable deprecation, use _CRT_SECURE_NO_WARNINGS. See online help for details.
                 c:\program files (x86)\microsoft visual studio 10.0\vc\include\string.h(188) : see declaration of 'strncpy'
         cJSON.cpp
         Generating Code...
     1>Done Building Project "C:\root\develop2019\srcProjs\srcRoot\src6\thirdParty\bjca\https_c_demo\https_c_demo\bjca1_https_c_demo2010.vcxproj" (rebuild target(s)) -- FAILED.

Build FAILED.

Time Elapsed 00:00:01.41
