C:\Program Files\Microsoft Visual Studio\2022\Community\MSBuild\Microsoft\VC\v170\Microsoft.CppBuild.targets(517,5): warning MSB8004: Output 目录未以斜杠结尾。  此生成实例将添加斜杠，因为必须有这个斜杠才能正确计算 Output 目录。
  openRTSP.cpp
  playCommon.cpp
E:\root\openRtComm-new\srcProjs\qisTools_srcRoot\live555\live\testProgs\playCommon.cpp(170,11): warning C4996: 'sscanf': This function or variable may be unsafe. Consider using sscanf_s instead. To disable deprecation, use _CRT_SECURE_NO_WARNINGS. See online help for details.
E:\root\openRtComm-new\srcProjs\qisTools_srcRoot\live555\live\testProgs\playCommon.cpp(234,11): warning C4996: 'sscanf': This function or variable may be unsafe. Consider using sscanf_s instead. To disable deprecation, use _CRT_SECURE_NO_WARNINGS. See online help for details.
E:\root\openRtComm-new\srcProjs\qisTools_srcRoot\live555\live\testProgs\playCommon.cpp(250,11): warning C4996: 'sscanf': This function or variable may be unsafe. Consider using sscanf_s instead. To disable deprecation, use _CRT_SECURE_NO_WARNINGS. See online help for details.
E:\root\openRtComm-new\srcProjs\qisTools_srcRoot\live555\live\testProgs\playCommon.cpp(263,11): warning C4996: 'sscanf': This function or variable may be unsafe. Consider using sscanf_s instead. To disable deprecation, use _CRT_SECURE_NO_WARNINGS. See online help for details.
E:\root\openRtComm-new\srcProjs\qisTools_srcRoot\live555\live\testProgs\playCommon.cpp(296,11): warning C4996: 'sscanf': This function or variable may be unsafe. Consider using sscanf_s instead. To disable deprecation, use _CRT_SECURE_NO_WARNINGS. See online help for details.
E:\root\openRtComm-new\srcProjs\qisTools_srcRoot\live555\live\testProgs\playCommon.cpp(319,8): warning C4996: 'sscanf': This function or variable may be unsafe. Consider using sscanf_s instead. To disable deprecation, use _CRT_SECURE_NO_WARNINGS. See online help for details.
E:\root\openRtComm-new\srcProjs\qisTools_srcRoot\live555\live\testProgs\playCommon.cpp(344,8): warning C4996: 'sscanf': This function or variable may be unsafe. Consider using sscanf_s instead. To disable deprecation, use _CRT_SECURE_NO_WARNINGS. See online help for details.
E:\root\openRtComm-new\srcProjs\qisTools_srcRoot\live555\live\testProgs\playCommon.cpp(368,11): warning C4996: 'sscanf': This function or variable may be unsafe. Consider using sscanf_s instead. To disable deprecation, use _CRT_SECURE_NO_WARNINGS. See online help for details.
E:\root\openRtComm-new\srcProjs\qisTools_srcRoot\live555\live\testProgs\playCommon.cpp(385,11): warning C4996: 'sscanf': This function or variable may be unsafe. Consider using sscanf_s instead. To disable deprecation, use _CRT_SECURE_NO_WARNINGS. See online help for details.
E:\root\openRtComm-new\srcProjs\qisTools_srcRoot\live555\live\testProgs\playCommon.cpp(394,11): warning C4996: 'sscanf': This function or variable may be unsafe. Consider using sscanf_s instead. To disable deprecation, use _CRT_SECURE_NO_WARNINGS. See online help for details.
E:\root\openRtComm-new\srcProjs\qisTools_srcRoot\live555\live\testProgs\playCommon.cpp(403,11): warning C4996: 'sscanf': This function or variable may be unsafe. Consider using sscanf_s instead. To disable deprecation, use _CRT_SECURE_NO_WARNINGS. See online help for details.
E:\root\openRtComm-new\srcProjs\qisTools_srcRoot\live555\live\testProgs\playCommon.cpp(424,11): warning C4996: 'sscanf': This function or variable may be unsafe. Consider using sscanf_s instead. To disable deprecation, use _CRT_SECURE_NO_WARNINGS. See online help for details.
E:\root\openRtComm-new\srcProjs\qisTools_srcRoot\live555\live\testProgs\playCommon.cpp(432,11): warning C4996: 'sscanf': This function or variable may be unsafe. Consider using sscanf_s instead. To disable deprecation, use _CRT_SECURE_NO_WARNINGS. See online help for details.
E:\root\openRtComm-new\srcProjs\qisTools_srcRoot\live555\live\testProgs\playCommon.cpp(461,6): warning C4996: 'sscanf': This function or variable may be unsafe. Consider using sscanf_s instead. To disable deprecation, use _CRT_SECURE_NO_WARNINGS. See online help for details.
E:\root\openRtComm-new\srcProjs\qisTools_srcRoot\live555\live\testProgs\playCommon.cpp(472,11): warning C4996: 'sscanf': This function or variable may be unsafe. Consider using sscanf_s instead. To disable deprecation, use _CRT_SECURE_NO_WARNINGS. See online help for details.
E:\root\openRtComm-new\srcProjs\qisTools_srcRoot\live555\live\testProgs\playCommon.cpp(489,11): warning C4996: 'sscanf': This function or variable may be unsafe. Consider using sscanf_s instead. To disable deprecation, use _CRT_SECURE_NO_WARNINGS. See online help for details.
E:\root\openRtComm-new\srcProjs\qisTools_srcRoot\live555\live\testProgs\playCommon.cpp(502,6): warning C4996: 'sscanf': This function or variable may be unsafe. Consider using sscanf_s instead. To disable deprecation, use _CRT_SECURE_NO_WARNINGS. See online help for details.
E:\root\openRtComm-new\srcProjs\qisTools_srcRoot\live555\live\testProgs\playCommon.cpp(783,7): warning C4996: 'sprintf': This function or variable may be unsafe. Consider using sprintf_s instead. To disable deprecation, use _CRT_SECURE_NO_WARNINGS. See online help for details.
E:\root\openRtComm-new\srcProjs\qisTools_srcRoot\live555\live\testProgs\playCommon.cpp(787,7): warning C4996: '_snprintf': This function or variable may be unsafe. Consider using _snprintf_s instead. To disable deprecation, use _CRT_SECURE_NO_WARNINGS. See online help for details.
E:\root\openRtComm-new\srcProjs\qisTools_srcRoot\live555\live\testProgs\playCommon.cpp(837,2): warning C4996: '_snprintf': This function or variable may be unsafe. Consider using _snprintf_s instead. To disable deprecation, use _CRT_SECURE_NO_WARNINGS. See online help for details.
E:\root\openRtComm-new\srcProjs\qisTools_srcRoot\live555\live\testProgs\playCommon.cpp(843,2): warning C4996: 'sprintf': This function or variable may be unsafe. Consider using sprintf_s instead. To disable deprecation, use _CRT_SECURE_NO_WARNINGS. See online help for details.
E:\root\openRtComm-new\srcProjs\qisTools_srcRoot\live555\live\testProgs\playCommon.cpp(935,3): warning C4996: '_snprintf': This function or variable may be unsafe. Consider using _snprintf_s instead. To disable deprecation, use _CRT_SECURE_NO_WARNINGS. See online help for details.
E:\root\openRtComm-new\srcProjs\qisTools_srcRoot\live555\live\testProgs\playCommon.cpp(1438,2): warning C4996: 'sprintf': This function or variable may be unsafe. Consider using sprintf_s instead. To disable deprecation, use _CRT_SECURE_NO_WARNINGS. See online help for details.
  正在生成代码...
LINK : warning LNK4217: 符号“___iob_func”(在“ openRTSP.obj”中定义)已由“libBasicUsageEnvironment.lib(BasicUsageEnvironment.obj)”(函数“"public: virtual class UsageEnvironment & __thiscall BasicUsageEnvironment::operator<<(char const *)" (??6BasicUsageEnvironment@@UAEAAVUsageEnvironment@@PBD@Z)”中)导入
LINK : warning LNK4286: 符号“___iob_func”(在“openRTSP.obj”中定义)已由“libBasicUsageEnvironment.lib(BasicTaskScheduler.obj)”导入
LINK : warning LNK4286: 符号“___iob_func”(在“openRTSP.obj”中定义)已由“libBasicUsageEnvironment.lib(BasicUsageEnvironment0.obj)”导入
openRTSP.obj : error LNK2019: 无法解析的外部符号 "public: static class RTSPClient * __cdecl RTSPClient::createNew(class UsageEnvironment &,char const *,int,char const *,unsigned short,int)" (?createNew@RTSPClient@@SAPAV1@AAVUsageEnvironment@@PBDH1GH@Z)，函数 "class Medium * __cdecl createClient(class UsageEnvironment &,char const *,int,char const *)" (?createClient@@YAPAVMedium@@AAVUsageEnvironment@@PBDH1@Z) 中引用了该符号
openRTSP.obj : error LNK2019: 无法解析的外部符号 "public: unsigned int __thiscall RTSPClient::sendDescribeCommand(void (__cdecl*)(class RTSPClient *,int,char *),class Authenticator *)" (?sendDescribeCommand@RTSPClient@@QAEIP6AXPAV1@HPAD@ZPAVAuthenticator@@@Z)，函数 "void __cdecl getSDPDescription(void (__cdecl*)(class RTSPClient *,int,char *))" (?getSDPDescription@@YAXP6AXPAVRTSPClient@@HPAD@Z@Z) 中引用了该符号
openRTSP.obj : error LNK2019: 无法解析的外部符号 "public: unsigned int __thiscall RTSPClient::sendOptionsCommand(void (__cdecl*)(class RTSPClient *,int,char *),class Authenticator *)" (?sendOptionsCommand@RTSPClient@@QAEIP6AXPAV1@HPAD@ZPAVAuthenticator@@@Z)，函数 "void __cdecl getOptions(void (__cdecl*)(class RTSPClient *,int,char *))" (?getOptions@@YAXP6AXPAVRTSPClient@@HPAD@Z@Z) 中引用了该符号
openRTSP.obj : error LNK2019: 无法解析的外部符号 "public: unsigned int __thiscall RTSPClient::sendSetupCommand(class MediaSubsession &,void (__cdecl*)(class RTSPClient *,int,char *),bool,bool,bool,class Authenticator *)" (?sendSetupCommand@RTSPClient@@QAEIAAVMediaSubsession@@P6AXPAV1@HPAD@Z_N44PAVAuthenticator@@@Z)，函数 "void __cdecl setupSubsession(class MediaSubsession *,bool,bool,void (__cdecl*)(class RTSPClient *,int,char *))" (?setupSubsession@@YAXPAVMediaSubsession@@_N1P6AXPAVRTSPClient@@HPAD@Z@Z) 中引用了该符号
openRTSP.obj : error LNK2019: 无法解析的外部符号 "public: unsigned int __thiscall RTSPClient::sendPlayCommand(class MediaSession &,void (__cdecl*)(class RTSPClient *,int,char *),double,double,float,class Authenticator *)" (?sendPlayCommand@RTSPClient@@QAEIAAVMediaSession@@P6AXPAV1@HPAD@ZNNMPAVAuthenticator@@@Z)，函数 "void __cdecl startPlayingSession(class MediaSession *,double,double,float,void (__cdecl*)(class RTSPClient *,int,char *))" (?startPlayingSession@@YAXPAVMediaSession@@NNMP6AXPAVRTSPClient@@HPAD@Z@Z) 中引用了该符号
openRTSP.obj : error LNK2019: 无法解析的外部符号 "public: unsigned int __thiscall RTSPClient::sendPlayCommand(class MediaSession &,void (__cdecl*)(class RTSPClient *,int,char *),char const *,char const *,float,class Authenticator *)" (?sendPlayCommand@RTSPClient@@QAEIAAVMediaSession@@P6AXPAV1@HPAD@ZPBD4MPAVAuthenticator@@@Z)，函数 "void __cdecl startPlayingSession(class MediaSession *,char const *,char const *,float,void (__cdecl*)(class RTSPClient *,int,char *))" (?startPlayingSession@@YAXPAVMediaSession@@PBD1MP6AXPAVRTSPClient@@HPAD@Z@Z) 中引用了该符号
openRTSP.obj : error LNK2019: 无法解析的外部符号 "public: unsigned int __thiscall RTSPClient::sendTeardownCommand(class MediaSession &,void (__cdecl*)(class RTSPClient *,int,char *),class Authenticator *)" (?sendTeardownCommand@RTSPClient@@QAEIAAVMediaSession@@P6AXPAV1@HPAD@ZPAVAuthenticator@@@Z)，函数 "void __cdecl tearDownSession(class MediaSession *,void (__cdecl*)(class RTSPClient *,int,char *))" (?tearDownSession@@YAXPAVMediaSession@@P6AXPAVRTSPClient@@HPAD@Z@Z) 中引用了该符号
openRTSP.obj : error LNK2019: 无法解析的外部符号 "public: void __thiscall RTSPClient::setUserAgentString(char const *)" (?setUserAgentString@RTSPClient@@QAEXPBD@Z)，函数 "void __cdecl setUserAgentString(char const *)" (?setUserAgentString@@YAXPBD@Z) 中引用了该符号
playCommon.obj : error LNK2019: 无法解析的外部符号 "public: static void __cdecl Medium::close(class Medium *)" (?close@Medium@@SAXPAV1@@Z)，函数 "void __cdecl closeMediaSinks(void)" (?closeMediaSinks@@YAXXZ) 中引用了该符号
playCommon.obj : error LNK2019: 无法解析的外部符号 "public: bool __thiscall MediaSink::startPlaying(class MediaSource &,void (__cdecl*)(void *),void *)" (?startPlaying@MediaSink@@QAE_NAAVMediaSource@@P6AXPAX@Z1@Z)，函数 "void __cdecl createOutputFiles(char const *)" (?createOutputFiles@@YAXPBD@Z) 中引用了该符号
playCommon.obj : error LNK2019: 无法解析的外部符号 "public: __thiscall NetAddressList::NetAddressList(char const *)" (??0NetAddressList@@QAE@PBD@Z)，函数 _main 中引用了该符号
playCommon.obj : error LNK2019: 无法解析的外部符号 "public: virtual __thiscall NetAddressList::~NetAddressList(void)" (??1NetAddressList@@UAE@XZ)，函数 _main 中引用了该符号
playCommon.obj : error LNK2019: 无法解析的外部符号 "public: class NetAddress const * __thiscall NetAddressList::firstAddress(void)const " (?firstAddress@NetAddressList@@QBEPBVNetAddress@@XZ)，函数 _main 中引用了该符号
playCommon.obj : error LNK2019: 无法解析的外部符号 "public: __thiscall Port::Port(unsigned short)" (??0Port@@QAE@G@Z)，函数 _main 中引用了该符号
playCommon.obj : error LNK2019: 无法解析的外部符号 "public: static class FileSink * __cdecl FileSink::createNew(class UsageEnvironment &,char const *,unsigned int,bool)" (?createNew@FileSink@@SAPAV1@AAVUsageEnvironment@@PBDI_N@Z)，函数 "void __cdecl createOutputFiles(char const *)" (?createOutputFiles@@YAXPBD@Z) 中引用了该符号
playCommon.obj : error LNK2019: 无法解析的外部符号 "public: static class AMRAudioFileSink * __cdecl AMRAudioFileSink::createNew(class UsageEnvironment &,char const *,unsigned int,bool)" (?createNew@AMRAudioFileSink@@SAPAV1@AAVUsageEnvironment@@PBDI_N@Z)，函数 "void __cdecl createOutputFiles(char const *)" (?createOutputFiles@@YAXPBD@Z) 中引用了该符号
playCommon.obj : error LNK2019: 无法解析的外部符号 "public: static class H264VideoFileSink * __cdecl H264VideoFileSink::createNew(class UsageEnvironment &,char const *,char const *,unsigned int,bool)" (?createNew@H264VideoFileSink@@SAPAV1@AAVUsageEnvironment@@PBD1I_N@Z)，函数 "void __cdecl createOutputFiles(char const *)" (?createOutputFiles@@YAXPBD@Z) 中引用了该符号
playCommon.obj : error LNK2019: 无法解析的外部符号 "public: static class H265VideoFileSink * __cdecl H265VideoFileSink::createNew(class UsageEnvironment &,char const *,char const *,char const *,char const *,unsigned int,bool)" (?createNew@H265VideoFileSink@@SAPAV1@AAVUsageEnvironment@@PBD111I_N@Z)，函数 "void __cdecl createOutputFiles(char const *)" (?createOutputFiles@@YAXPBD@Z) 中引用了该符号
playCommon.obj : error LNK2019: 无法解析的外部符号 "public: static class OggFileSink * __cdecl OggFileSink::createNew(class UsageEnvironment &,char const *,unsigned int,char const *,unsigned int,bool)" (?createNew@OggFileSink@@SAPAV1@AAVUsageEnvironment@@PBDI1I_N@Z)，函数 "void __cdecl createOutputFiles(char const *)" (?createOutputFiles@@YAXPBD@Z) 中引用了该符号
playCommon.obj : error LNK2019: 无法解析的外部符号 "public: __thiscall RTPReceptionStatsDB::Iterator::Iterator(class RTPReceptionStatsDB &)" (??0Iterator@RTPReceptionStatsDB@@QAE@AAV1@@Z)，函数 "public: __thiscall qosMeasurementRecord::qosMeasurementRecord(struct timeval const &,class RTPSource *)" (??0qosMeasurementRecord@@QAE@ABUtimeval@@PAVRTPSource@@@Z) 中引用了该符号
playCommon.obj : error LNK2019: 无法解析的外部符号 "public: virtual __thiscall RTPReceptionStatsDB::Iterator::~Iterator(void)" (??1Iterator@RTPReceptionStatsDB@@UAE@XZ)，函数 "public: __thiscall qosMeasurementRecord::qosMeasurementRecord(struct timeval const &,class RTPSource *)" (??0qosMeasurementRecord@@QAE@ABUtimeval@@PAVRTPSource@@@Z) 中引用了该符号
playCommon.obj : error LNK2019: 无法解析的外部符号 "public: class RTPReceptionStats * __thiscall RTPReceptionStatsDB::Iterator::next(bool)" (?next@Iterator@RTPReceptionStatsDB@@QAEPAVRTPReceptionStats@@_N@Z)，函数 "public: __thiscall qosMeasurementRecord::qosMeasurementRecord(struct timeval const &,class RTPSource *)" (??0qosMeasurementRecord@@QAE@ABUtimeval@@PAVRTPSource@@@Z) 中引用了该符号
playCommon.obj : error LNK2019: 无法解析的外部符号 "public: double __thiscall RTPReceptionStats::totNumKBytesReceived(void)const " (?totNumKBytesReceived@RTPReceptionStats@@QBENXZ)，函数 "public: __thiscall qosMeasurementRecord::qosMeasurementRecord(struct timeval const &,class RTPSource *)" (??0qosMeasurementRecord@@QAE@ABUtimeval@@PAVRTPSource@@@Z) 中引用了该符号
playCommon.obj : error LNK2019: 无法解析的外部符号 "unsigned char * __cdecl parseGeneralConfigStr(char const *,unsigned int &)" (?parseGeneralConfigStr@@YAPAEPBDAAI@Z)，函数 "void __cdecl createOutputFiles(char const *)" (?createOutputFiles@@YAXPBD@Z) 中引用了该符号
playCommon.obj : error LNK2019: 无法解析的外部符号 "public: void __thiscall RTCPInstance::setByeHandler(void (__cdecl*)(void *),void *,bool)" (?setByeHandler@RTCPInstance@@QAEXP6AXPAX@Z0_N@Z)，函数 "void __cdecl createOutputFiles(char const *)" (?createOutputFiles@@YAXPBD@Z) 中引用了该符号
playCommon.obj : error LNK2019: 无法解析的外部符号 "public: static class MediaSession * __cdecl MediaSession::createNew(class UsageEnvironment &,char const *)" (?createNew@MediaSession@@SAPAV1@AAVUsageEnvironment@@PBD@Z)，函数 "void __cdecl continueAfterDESCRIBE(class RTSPClient *,int,char *)" (?continueAfterDESCRIBE@@YAXPAVRTSPClient@@HPAD@Z) 中引用了该符号
playCommon.obj : error LNK2019: 无法解析的外部符号 "public: char * __thiscall MediaSession::absStartTime(void)const " (?absStartTime@MediaSession@@QBEPADXZ)，函数 "void __cdecl setupStreams(void)" (?setupStreams@@YAXXZ) 中引用了该符号
playCommon.obj : error LNK2019: 无法解析的外部符号 "public: char * __thiscall MediaSession::absEndTime(void)const " (?absEndTime@MediaSession@@QBEPADXZ)，函数 "void __cdecl setupStreams(void)" (?setupStreams@@YAXXZ) 中引用了该符号
playCommon.obj : error LNK2019: 无法解析的外部符号 "public: __thiscall MediaSubsessionIterator::MediaSubsessionIterator(class MediaSession const &)" (??0MediaSubsessionIterator@@QAE@ABVMediaSession@@@Z)，函数 "void __cdecl beginQOSMeasurement(void)" (?beginQOSMeasurement@@YAXXZ) 中引用了该符号
playCommon.obj : error LNK2019: 无法解析的外部符号 "public: virtual __thiscall MediaSubsessionIterator::~MediaSubsessionIterator(void)" (??1MediaSubsessionIterator@@UAE@XZ)，函数 "void __cdecl beginQOSMeasurement(void)" (?beginQOSMeasurement@@YAXXZ) 中引用了该符号
playCommon.obj : error LNK2019: 无法解析的外部符号 "public: class MediaSubsession * __thiscall MediaSubsessionIterator::next(void)" (?next@MediaSubsessionIterator@@QAEPAVMediaSubsession@@XZ)，函数 "void __cdecl beginQOSMeasurement(void)" (?beginQOSMeasurement@@YAXXZ) 中引用了该符号
playCommon.obj : error LNK2019: 无法解析的外部符号 "public: bool __thiscall MediaSubsession::initiate(int)" (?initiate@MediaSubsession@@QAE_NH@Z)，函数 "void __cdecl continueAfterDESCRIBE(class RTSPClient *,int,char *)" (?continueAfterDESCRIBE@@YAXPAVRTSPClient@@HPAD@Z) 中引用了该符号
playCommon.obj : error LNK2019: 无法解析的外部符号 "public: bool __thiscall MediaSubsession::setClientPortNum(unsigned short)" (?setClientPortNum@MediaSubsession@@QAE_NG@Z)，函数 "void __cdecl continueAfterDESCRIBE(class RTSPClient *,int,char *)" (?continueAfterDESCRIBE@@YAXPAVRTSPClient@@HPAD@Z) 中引用了该符号
playCommon.obj : error LNK2019: 无法解析的外部符号 "public: char const * __thiscall MediaSubsession::attrVal_str(char const *)const " (?attrVal_str@MediaSubsession@@QBEPBDPBD@Z)，函数 "public: char const * __thiscall MediaSubsession::fmtp_spropparametersets(void)const " (?fmtp_spropparametersets@MediaSubsession@@QBEPBDXZ) 中引用了该符号
playCommon.obj : error LNK2019: 无法解析的外部符号 "public: char const * __thiscall MediaSubsession::fmtp_config(void)const " (?fmtp_config@MediaSubsession@@QBEPBDXZ)，函数 "void __cdecl createOutputFiles(char const *)" (?createOutputFiles@@YAXPBD@Z) 中引用了该符号
playCommon.obj : error LNK2019: 无法解析的外部符号 "public: __thiscall Authenticator::Authenticator(char const *,char const *,bool)" (??0Authenticator@@QAE@PBD0_N@Z)，函数 _main 中引用了该符号
playCommon.obj : error LNK2019: 无法解析的外部符号 "public: __thiscall UserAuthenticationDatabase::UserAuthenticationDatabase(char const *,bool)" (??0UserAuthenticationDatabase@@QAE@PBD_N@Z)，函数 _main 中引用了该符号
playCommon.obj : error LNK2019: 无法解析的外部符号 "public: static class HandlerServerForREGISTERCommand * __cdecl HandlerServerForREGISTERCommand::createNew(class UsageEnvironment &,void (__cdecl*)(class RTSPClient *,bool),class Port,class UserAuthenticationDatabase *,int,char const *)" (?createNew@HandlerServerForREGISTERCommand@@SAPAV1@AAVUsageEnvironment@@P6AXPAVRTSPClient@@_N@ZVPort@@PAVUserAuthenticationDatabase@@HPBD@Z)，函数 _main 中引用了该符号
playCommon.obj : error LNK2019: 无法解析的外部符号 "public: static class QuickTimeFileSink * __cdecl QuickTimeFileSink::createNew(class UsageEnvironment &,class MediaSession &,char const *,unsigned int,unsigned short,unsigned short,unsigned int,bool,bool,bool,bool)" (?createNew@QuickTimeFileSink@@SAPAV1@AAVUsageEnvironment@@AAVMediaSession@@PBDIGGI_N333@Z)，函数 "void __cdecl createOutputFiles(char const *)" (?createOutputFiles@@YAXPBD@Z) 中引用了该符号
playCommon.obj : error LNK2019: 无法解析的外部符号 "public: bool __thiscall QuickTimeFileSink::startPlaying(void (__cdecl*)(void *),void *)" (?startPlaying@QuickTimeFileSink@@QAE_NP6AXPAX@Z0@Z)，函数 "void __cdecl createOutputFiles(char const *)" (?createOutputFiles@@YAXPBD@Z) 中引用了该符号
playCommon.obj : error LNK2019: 无法解析的外部符号 "public: static class AVIFileSink * __cdecl AVIFileSink::createNew(class UsageEnvironment &,class MediaSession &,char const *,unsigned int,unsigned short,unsigned short,unsigned int,bool)" (?createNew@AVIFileSink@@SAPAV1@AAVUsageEnvironment@@AAVMediaSession@@PBDIGGI_N@Z)，函数 "void __cdecl createOutputFiles(char const *)" (?createOutputFiles@@YAXPBD@Z) 中引用了该符号
playCommon.obj : error LNK2019: 无法解析的外部符号 "public: bool __thiscall AVIFileSink::startPlaying(void (__cdecl*)(void *),void *)" (?startPlaying@AVIFileSink@@QAE_NP6AXPAX@Z0@Z)，函数 "void __cdecl createOutputFiles(char const *)" (?createOutputFiles@@YAXPBD@Z) 中引用了该符号
playCommon.obj : error LNK2019: 无法解析的外部符号 "unsigned int __cdecl getReceiveBufferSize(class UsageEnvironment &,int)" (?getReceiveBufferSize@@YAIAAVUsageEnvironment@@H@Z)，函数 "void __cdecl continueAfterDESCRIBE(class RTSPClient *,int,char *)" (?continueAfterDESCRIBE@@YAXPAVRTSPClient@@HPAD@Z) 中引用了该符号
playCommon.obj : error LNK2019: 无法解析的外部符号 "unsigned int __cdecl setReceiveBufferTo(class UsageEnvironment &,int,unsigned int)" (?setReceiveBufferTo@@YAIAAVUsageEnvironment@@HI@Z)，函数 "void __cdecl continueAfterDESCRIBE(class RTSPClient *,int,char *)" (?continueAfterDESCRIBE@@YAXPAVRTSPClient@@HPAD@Z) 中引用了该符号
playCommon.obj : error LNK2019: 无法解析的外部符号 "int __cdecl gettimeofday(struct timeval *,int *)" (?gettimeofday@@YAHPAUtimeval@@PAH@Z)，函数 "void __cdecl beginQOSMeasurement(void)" (?beginQOSMeasurement@@YAXXZ) 中引用了该符号
libBasicUsageEnvironment.lib(DelayQueue.obj) : error LNK2001: 无法解析的外部符号 "int __cdecl gettimeofday(struct timeval *,int *)" (?gettimeofday@@YAHPAUtimeval@@PAH@Z)
playCommon.obj : error LNK2001: 无法解析的外部符号 "unsigned int ReceivingInterfaceAddr" (?ReceivingInterfaceAddr@@3IA)
libBasicUsageEnvironment.lib(BasicUsageEnvironment.obj) : error LNK2019: 无法解析的外部符号 _initializeWinsockIfNecessary，函数 "protected: __thiscall BasicUsageEnvironment::BasicUsageEnvironment(class TaskScheduler &)" (??0BasicUsageEnvironment@@IAE@AAVTaskScheduler@@@Z) 中引用了该符号
..\liveMedia\liveMedia.lib : warning LNK4272: 库计算机类型“x64”与目标计算机类型“x86”冲突
..\groupsock\groupsock.lib : warning LNK4272: 库计算机类型“x64”与目标计算机类型“x86”冲突
..\..\..\..\..\VS2012\Win32\Debug\bin\myOpenRtsp.exe : fatal error LNK1120: 47 个无法解析的外部命令
