C:\ROOT\DEVELOP2012\VS2012\SAMPLE_COMMON\_BUILD\WIN32\DEBUG\LIB\OBJ\SAMPLE_COMMON_VS2012\AVC_NAL_SPL.OBJ
C:\ROOT\DEVELOP2012\VS2012\SAMPLE_COMMON\_BUILD\WIN32\DEBUG\LIB\OBJ\SAMPLE_COMMON_VS2012\AVC_SPL.OBJ
C:\ROOT\DEVELOP2012\VS2012\SAMPLE_COMMON\_BUILD\WIN32\DEBUG\LIB\OBJ\SAMPLE_COMMON_VS2012\BASE_ALLOCATOR.OBJ
C:\ROOT\DEVELOP2012\VS2012\SAMPLE_COMMON\_BUILD\WIN32\DEBUG\LIB\OBJ\SAMPLE_COMMON_VS2012\D3D11_ALLOCATOR.OBJ
C:\ROOT\DEVELOP2012\VS2012\SAMPLE_COMMON\_BUILD\WIN32\DEBUG\LIB\OBJ\SAMPLE_COMMON_VS2012\D3D11_DEVICE.OBJ
C:\ROOT\DEVELOP2012\VS2012\SAMPLE_COMMON\_BUILD\WIN32\DEBUG\LIB\OBJ\SAMPLE_COMMON_VS2012\D3D_ALLOCATOR.OBJ
C:\ROOT\DEVELOP2012\VS2012\SAMPLE_COMMON\_BUILD\WIN32\DEBUG\LIB\OBJ\SAMPLE_COMMON_VS2012\D3D_DEVICE.OBJ
C:\ROOT\DEVELOP2012\VS2012\SAMPLE_COMMON\_BUILD\WIN32\DEBUG\LIB\OBJ\SAMPLE_COMMON_VS2012\DECODE_RENDER.OBJ
C:\ROOT\DEVELOP2012\VS2012\SAMPLE_COMMON\_BUILD\WIN32\DEBUG\LIB\OBJ\SAMPLE_COMMON_VS2012\GENERAL_ALLOCATOR.OBJ
C:\ROOT\DEVELOP2012\VS2012\SAMPLE_COMMON\_BUILD\WIN32\DEBUG\LIB\OBJ\SAMPLE_COMMON_VS2012\MFX_BUFFERING.OBJ
C:\ROOT\DEVELOP2012\VS2012\SAMPLE_COMMON\_BUILD\WIN32\DEBUG\LIB\OBJ\SAMPLE_COMMON_VS2012\PARAMETERS_DUMPER.OBJ
C:\ROOT\DEVELOP2012\VS2012\SAMPLE_COMMON\_BUILD\WIN32\DEBUG\LIB\OBJ\SAMPLE_COMMON_VS2012\PLUGIN_UTILS.OBJ
C:\ROOT\DEVELOP2012\VS2012\SAMPLE_COMMON\_BUILD\WIN32\DEBUG\LIB\OBJ\SAMPLE_COMMON_VS2012\SAMPLE_UTILS.OBJ
C:\ROOT\DEVELOP2012\VS2012\SAMPLE_COMMON\_BUILD\WIN32\DEBUG\LIB\OBJ\SAMPLE_COMMON_VS2012\SYSMEM_ALLOCATOR.OBJ
C:\ROOT\DEVELOP2012\VS2012\SAMPLE_COMMON\_BUILD\WIN32\DEBUG\LIB\OBJ\SAMPLE_COMMON_VS2012\VPP_EX.OBJ
C:\ROOT\DEVELOP2012\VS2012\SAMPLE_COMMON\_BUILD\WIN32\DEBUG\LIB\OBJ\SAMPLE_COMMON_VS2012\ATOMIC.OBJ
C:\ROOT\DEVELOP2012\VS2012\SAMPLE_COMMON\_BUILD\WIN32\DEBUG\LIB\OBJ\SAMPLE_COMMON_VS2012\SHARED_OBJECT.OBJ
C:\ROOT\DEVELOP2012\VS2012\SAMPLE_COMMON\_BUILD\WIN32\DEBUG\LIB\OBJ\SAMPLE_COMMON_VS2012\THREAD.OBJ
C:\ROOT\DEVELOP2012\VS2012\SAMPLE_COMMON\_BUILD\WIN32\DEBUG\LIB\OBJ\SAMPLE_COMMON_VS2012\THREAD_WINDOWS.OBJ
C:\ROOT\DEVELOP2012\VS2012\SAMPLE_COMMON\_BUILD\WIN32\DEBUG\LIB\OBJ\SAMPLE_COMMON_VS2012\TIME.OBJ
C:\ROOT\DEVELOP2012\VS2012\SAMPLE_COMMON\_BUILD\WIN32\DEBUG\LIB\OBJ\SAMPLE_COMMON_VS2012\AVC_BITSTREAM.OBJ
C:\ROOT\DEVELOP2012\VS2012\SAMPLE_COMMON\_BUILD\WIN32\DEBUG\LIB\OBJ\SAMPLE_COMMON_VS2012\VC110.PDB
C:\ROOT\DEVELOP2012\VS2012\SAMPLE_COMMON\_BUILD\WIN32\DEBUG\LIB\SAMPLE_COMMON_VS2012.LIB
C:\root\develop2012\vs2012\sample_common\_build\Win32\Debug\lib\obj\sample_common_vs2012\atomic.obj
C:\root\develop2012\vs2012\sample_common\_build\Win32\Debug\lib\obj\sample_common_vs2012\avc_bitstream.obj
C:\root\develop2012\vs2012\sample_common\_build\Win32\Debug\lib\obj\sample_common_vs2012\avc_nal_spl.obj
C:\root\develop2012\vs2012\sample_common\_build\Win32\Debug\lib\obj\sample_common_vs2012\avc_spl.obj
C:\root\develop2012\vs2012\sample_common\_build\Win32\Debug\lib\obj\sample_common_vs2012\base_allocator.obj
C:\root\develop2012\vs2012\sample_common\_build\Win32\Debug\lib\obj\sample_common_vs2012\d3d11_allocator.obj
C:\root\develop2012\vs2012\sample_common\_build\Win32\Debug\lib\obj\sample_common_vs2012\d3d11_device.obj
C:\root\develop2012\vs2012\sample_common\_build\Win32\Debug\lib\obj\sample_common_vs2012\d3d_allocator.obj
C:\root\develop2012\vs2012\sample_common\_build\Win32\Debug\lib\obj\sample_common_vs2012\d3d_device.obj
C:\root\develop2012\vs2012\sample_common\_build\Win32\Debug\lib\obj\sample_common_vs2012\decode_render.obj
C:\root\develop2012\vs2012\sample_common\_build\Win32\Debug\lib\obj\sample_common_vs2012\general_allocator.obj
C:\root\develop2012\vs2012\sample_common\_build\Win32\Debug\lib\obj\sample_common_vs2012\mfx_buffering.obj
C:\root\develop2012\vs2012\sample_common\_build\Win32\Debug\lib\obj\sample_common_vs2012\parameters_dumper.obj
C:\root\develop2012\vs2012\sample_common\_build\Win32\Debug\lib\obj\sample_common_vs2012\plugin_utils.obj
C:\root\develop2012\vs2012\sample_common\_build\Win32\Debug\lib\obj\sample_common_vs2012\sample_utils.obj
C:\root\develop2012\vs2012\sample_common\_build\Win32\Debug\lib\obj\sample_common_vs2012\shared_object.obj
C:\root\develop2012\vs2012\sample_common\_build\Win32\Debug\lib\obj\sample_common_vs2012\sysmem_allocator.obj
C:\root\develop2012\vs2012\sample_common\_build\Win32\Debug\lib\obj\sample_common_vs2012\thread.obj
C:\root\develop2012\vs2012\sample_common\_build\Win32\Debug\lib\obj\sample_common_vs2012\thread_windows.obj
C:\root\develop2012\vs2012\sample_common\_build\Win32\Debug\lib\obj\sample_common_vs2012\time.obj
C:\root\develop2012\vs2012\sample_common\_build\Win32\Debug\lib\obj\sample_common_vs2012\vpp_ex.obj
C:\root\develop2012\vs2012\sample_common\_build\Win32\Debug\lib\obj\sample_common_vs2012\cl.command.1.tlog
C:\root\develop2012\vs2012\sample_common\_build\Win32\Debug\lib\obj\sample_common_vs2012\CL.read.1.tlog
C:\root\develop2012\vs2012\sample_common\_build\Win32\Debug\lib\obj\sample_common_vs2012\CL.write.1.tlog
C:\root\develop2012\vs2012\sample_common\_build\Win32\Debug\lib\obj\sample_common_vs2012\Lib-link.read.1.tlog
C:\root\develop2012\vs2012\sample_common\_build\Win32\Debug\lib\obj\sample_common_vs2012\Lib-link.write.1.tlog
C:\root\develop2012\vs2012\sample_common\_build\Win32\Debug\lib\obj\sample_common_vs2012\lib.command.1.tlog
C:\root\develop2012\vs2012\sample_common\_build\Win32\Debug\lib\obj\sample_common_vs2012\vc110.idb
C:\root\develop2012\vs2012\sample_common\_build\Win32\Debug\lib\obj\sample_common_vs2012\vc110.pdb
C:\root\develop2012\srcProjs\qdc_tmpRoot\mediaSdk\cli_samples\samples\sample_common\..\..\..\..\..\..\vs2012\sample_common\_build\Win32\Debug\lib\sample_common_vs2012.lib
