e:\tmp_root\atprojs\openrtcomm\vs2012\x64\o\msgrmgrmodule\release\msgrmgrmodule.pch
e:\tmp_root\atprojs\openrtcomm\vs2012\x64\o\msgrmgrmodule\release\vc143.pdb
e:\tmp_root\atprojs\openrtcomm\vs2012\x64\o\msgrmgrmodule\release\stdafx.obj
e:\tmp_root\atprojs\openrtcomm\vs2012\x64\o\msgrmgrmodule\release\msgrmgrmoduleproc.obj
e:\tmp_root\atprojs\openrtcomm\vs2012\x64\o\msgrmgrmodule\release\msgrmgrmodule.obj
e:\tmp_root\atprojs\openrtcomm\vs2012\x64\o\msgrmgrmodule\release\qycommfunc.obj
e:\tmp_root\atprojs\openrtcomm\vs2012\x64\o\msgrmgrmodule\release\qytcharcommproc.obj
e:\tmp_root\atprojs\openrtcomm\vs2012\x64\o\msgrmgrmodule\release\qysyncobj.obj
e:\tmp_root\atprojs\openrtcomm\vs2012\x64\o\msgrmgrmodule\release\qycustom.obj
e:\tmp_root\atprojs\openrtcomm\vs2012\x64\o\msgrmgrmodule\release\tmpcelib.obj
e:\tmp_root\atprojs\openrtcomm\vs2012\x64\o\msgrmgrmodule\release\qytmpmemory.obj
e:\tmp_root\atprojs\openrtcomm\vs2012\x64\o\msgrmgrmodule\release\qysynccommproc.obj
e:\tmp_root\atprojs\openrtcomm\vs2012\x64\o\msgrmgrmodule\release\qydmitemcommproc.obj
e:\tmp_root\atprojs\openrtcomm\vs2012\x64\o\msgrmgrmodule\release\qycommproc.obj
e:\tmp_root\atprojs\openrtcomm\vs2012\x64\o\msgrmgrmodule\release\qwmnetworkstatuscommproc.obj
e:\tmp_root\atprojs\openrtcomm\vs2012\x64\o\msgrmgrmodule\release\qwmdynfunc.obj
e:\tmp_root\atprojs\openrtcomm\vs2012\x64\o\msgrmgrmodule\release\qnmosauditcommproc.obj
e:\tmp_root\atprojs\openrtcomm\vs2012\x64\o\msgrmgrmodule\release\qnmcommproc.obj
e:\tmp_root\atprojs\openrtcomm\vs2012\x64\release\bin\msgrmgrmodule.dll
e:\tmp_root\atprojs\openrtcomm\vs2012\x64\release\bin\msgrmgrmodule.pdb
e:\tmp_root\atprojs\openrtcomm\vs2012\x64\release\bin\msgrmgrmodule.lib
e:\tmp_root\atprojs\openrtcomm\vs2012\x64\release\bin\msgrmgrmodule.exp
e:\tmp_root\atprojs\openrtcomm\vs2012\x64\o\msgrmgrmodule\release\msgrmgrm.d7ad3db7.tlog\cl.command.1.tlog
e:\tmp_root\atprojs\openrtcomm\vs2012\x64\o\msgrmgrmodule\release\msgrmgrm.d7ad3db7.tlog\cl.items.tlog
e:\tmp_root\atprojs\openrtcomm\vs2012\x64\o\msgrmgrmodule\release\msgrmgrm.d7ad3db7.tlog\cl.read.1.tlog
e:\tmp_root\atprojs\openrtcomm\vs2012\x64\o\msgrmgrmodule\release\msgrmgrm.d7ad3db7.tlog\cl.write.1.tlog
e:\tmp_root\atprojs\openrtcomm\vs2012\x64\o\msgrmgrmodule\release\msgrmgrm.d7ad3db7.tlog\link.command.1.tlog
e:\tmp_root\atprojs\openrtcomm\vs2012\x64\o\msgrmgrmodule\release\msgrmgrm.d7ad3db7.tlog\link.read.1.tlog
e:\tmp_root\atprojs\openrtcomm\vs2012\x64\o\msgrmgrmodule\release\msgrmgrm.d7ad3db7.tlog\link.secondary.1.tlog
e:\tmp_root\atprojs\openrtcomm\vs2012\x64\o\msgrmgrmodule\release\msgrmgrm.d7ad3db7.tlog\link.write.1.tlog
