  pch.cpp
  GroupEId.cpp
D:\root\pc\openRtComm-windows\srcProjs\qisTools_srcRoot\live555\live\groupsock\GroupEId.cpp(65,21): warning C4267: “return”: 从“size_t”转换到“unsigned int”，可能丢失数据
  groupsock.cpp
D:\root\pc\openRtComm-windows\srcProjs\qisTools_srcRoot\live555\live\groupsock\groupsock.cpp(481,49): warning C4312: “类型强制转换”: 从“long”转换到更大的“char *”
D:\root\pc\openRtComm-windows\srcProjs\qisTools_srcRoot\live555\live\groupsock\groupsock.cpp(483,21): warning C4312: “类型强制转换”: 从“long”转换到更大的“char *”
D:\root\pc\openRtComm-windows\srcProjs\qisTools_srcRoot\live555\live\groupsock\groupsock.cpp(511,26): warning C4312: “类型强制转换”: 从“long”转换到更大的“char *”
D:\root\pc\openRtComm-windows\srcProjs\qisTools_srcRoot\live555\live\groupsock\groupsock.cpp(522,18): warning C4312: “类型强制转换”: 从“long”转换到更大的“char *”
D:\root\pc\openRtComm-windows\srcProjs\qisTools_srcRoot\live555\live\groupsock\groupsock.cpp(535,40): warning C4312: “类型强制转换”: 从“long”转换到更大的“char *”
  GroupsockHelper.cpp
D:\root\pc\openRtComm-windows\srcProjs\qisTools_srcRoot\live555\live\groupsock\GroupsockHelper.cpp(83,16): warning C4244: “=”: 从“SOCKET”转换到“int”，可能丢失数据
D:\root\pc\openRtComm-windows\srcProjs\qisTools_srcRoot\live555\live\groupsock\GroupsockHelper.cpp(755,22): warning C4244: “=”: 从“time_t”转换到“long”，可能丢失数据
  IOHandlers.cpp
  NetAddress.cpp
  NetInterface.cpp
D:\root\pc\openRtComm-windows\srcProjs\qisTools_srcRoot\live555\live\groupsock\NetInterface.cpp(141,37): warning C4312: “类型强制转换”: 从“long”转换到更大的“char *”
D:\root\pc\openRtComm-windows\srcProjs\qisTools_srcRoot\live555\live\groupsock\NetInterface.cpp(146,19): warning C4312: “类型强制转换”: 从“long”转换到更大的“char *”
D:\root\pc\openRtComm-windows\srcProjs\qisTools_srcRoot\live555\live\groupsock\NetInterface.cpp(158,26): warning C4312: “类型强制转换”: 从“long”转换到更大的“char *”
  inet.c
D:\root\pc\openRtComm-windows\srcProjs\qisTools_srcRoot\live555\live\groupsock\inet.c(278,42): warning C4244: “=”: 从“__int64”转换到“long”，可能丢失数据
D:\root\pc\openRtComm-windows\srcProjs\qisTools_srcRoot\live555\live\groupsock\inet.c(313,40): warning C4244: “=”: 从“__int64”转换到“long”，可能丢失数据
D:\root\pc\openRtComm-windows\srcProjs\qisTools_srcRoot\live555\live\groupsock\inet.c(344,42): warning C4244: “=”: 从“__int64”转换到“long”，可能丢失数据
  groupsock.vcxproj -> D:\root\pc\openRtComm-windows\srcProjs\qisTools_srcRoot\live555\live\groupsock\groupsock.lib
