C:\ROOT\ATPROJS\ATDEVELOP\VS2012\X64\O\MSGRMGRMODULE\DEBUG\MSGRMGRMODULE.PCH
C:\ROOT\ATPROJS\ATDEVELOP\VS2012\X64\O\MSGRMGRMODULE\DEBUG\STDAFX.SBR
C:\ROOT\ATPROJS\ATDEVELOP\VS2012\X64\O\MSGRMGRMODULE\DEBUG\STDAFX.OBJ
C:\ROOT\ATPROJS\ATDEVELOP\VS2012\X64\O\MSGRMGRMODULE\DEBUG\VC110.PDB
C:\ROOT\ATPROJS\ATDEVELOP\VS2012\X64\O\MSGRMGRMODULE\DEBUG\MSGRMGRMODULE.SBR
C:\ROOT\ATPROJS\ATDEVELOP\VS2012\X64\O\MSGRMGRMODULE\DEBUG\QYSYNCOBJ.SBR
C:\ROOT\ATPROJS\ATDEVELOP\VS2012\X64\O\MSGRMGRMODULE\DEBUG\QYSYNCOBJ.OBJ
C:\ROOT\ATPROJS\ATDEVELOP\VS2012\X64\O\MSGRMGRMODULE\DEBUG\MSGRMGRMODULE.OBJ
C:\root\atProjs\atDevelop\VS2012\x64\o\msgrMgrModule\Debug\msgrMgrModule.obj
C:\root\atProjs\atDevelop\VS2012\x64\o\msgrMgrModule\Debug\qySyncObj.obj
C:\root\atProjs\atDevelop\VS2012\x64\o\msgrMgrModule\Debug\StdAfx.obj
C:\root\atProjs\atDevelop\VS2012\x64\o\msgrMgrModule\Debug\cl.command.1.tlog
C:\root\atProjs\atDevelop\VS2012\x64\o\msgrMgrModule\Debug\CL.read.1.tlog
C:\root\atProjs\atDevelop\VS2012\x64\o\msgrMgrModule\Debug\CL.write.1.tlog
C:\root\atProjs\atDevelop\VS2012\x64\o\msgrMgrModule\Debug\msgrMgrModule.pch
C:\root\atProjs\atDevelop\VS2012\x64\o\msgrMgrModule\Debug\vc110.idb
C:\root\atProjs\atDevelop\VS2012\x64\o\msgrMgrModule\Debug\vc110.pdb
C:\root\atProjs\atDevelop\VS2012\x64\o\msgrMgrModule\Debug\msgrMgrModule.sbr
C:\root\atProjs\atDevelop\VS2012\x64\o\msgrMgrModule\Debug\qySyncObj.sbr
C:\root\atProjs\atDevelop\VS2012\x64\o\msgrMgrModule\Debug\StdAfx.sbr
